Archive member included to satisfy reference by file (symbol)

C:/DevToolBox_Slot/GNU_CompilerCollection/bin/../lib/gcc/arm-none-eabi/13.3.0/../../../../arm-none-eabi/lib/thumb/v7e-m+fp/hard\libc_nano.a(libc_a-atexit.o)
                              C:/DevToolBox_Slot/GNU_CompilerCollection/bin/../lib/gcc/arm-none-eabi/13.3.0/../../../../arm-none-eabi/lib/thumb/v7e-m+fp/hard/crt0.o (atexit)
C:/DevToolBox_Slot/GNU_CompilerCollection/bin/../lib/gcc/arm-none-eabi/13.3.0/../../../../arm-none-eabi/lib/thumb/v7e-m+fp/hard\libc_nano.a(libc_a-exit.o)
                              C:/DevToolBox_Slot/GNU_CompilerCollection/bin/../lib/gcc/arm-none-eabi/13.3.0/../../../../arm-none-eabi/lib/thumb/v7e-m+fp/hard/crt0.o (exit)
C:/DevToolBox_Slot/GNU_CompilerCollection/bin/../lib/gcc/arm-none-eabi/13.3.0/../../../../arm-none-eabi/lib/thumb/v7e-m+fp/hard\libc_nano.a(libc_a-findfp.o)
                              C:/DevToolBox_Slot/GNU_CompilerCollection/bin/../lib/gcc/arm-none-eabi/13.3.0/../../../../arm-none-eabi/lib/thumb/v7e-m+fp/hard\libc_nano.a(libc_a-exit.o) (__stdio_exit_handler)
C:/DevToolBox_Slot/GNU_CompilerCollection/bin/../lib/gcc/arm-none-eabi/13.3.0/../../../../arm-none-eabi/lib/thumb/v7e-m+fp/hard\libc_nano.a(libc_a-fwalk.o)
                              C:/DevToolBox_Slot/GNU_CompilerCollection/bin/../lib/gcc/arm-none-eabi/13.3.0/../../../../arm-none-eabi/lib/thumb/v7e-m+fp/hard\libc_nano.a(libc_a-findfp.o) (_fwalk_sglue)
C:/DevToolBox_Slot/GNU_CompilerCollection/bin/../lib/gcc/arm-none-eabi/13.3.0/../../../../arm-none-eabi/lib/thumb/v7e-m+fp/hard\libc_nano.a(libc_a-stdio.o)
                              C:/DevToolBox_Slot/GNU_CompilerCollection/bin/../lib/gcc/arm-none-eabi/13.3.0/../../../../arm-none-eabi/lib/thumb/v7e-m+fp/hard\libc_nano.a(libc_a-findfp.o) (__sread)
C:/DevToolBox_Slot/GNU_CompilerCollection/bin/../lib/gcc/arm-none-eabi/13.3.0/../../../../arm-none-eabi/lib/thumb/v7e-m+fp/hard\libc_nano.a(libc_a-memset.o)
                              C:/DevToolBox_Slot/GNU_CompilerCollection/bin/../lib/gcc/arm-none-eabi/13.3.0/../../../../arm-none-eabi/lib/thumb/v7e-m+fp/hard/crt0.o (memset)
C:/DevToolBox_Slot/GNU_CompilerCollection/bin/../lib/gcc/arm-none-eabi/13.3.0/../../../../arm-none-eabi/lib/thumb/v7e-m+fp/hard\libc_nano.a(libc_a-closer.o)
                              C:/DevToolBox_Slot/GNU_CompilerCollection/bin/../lib/gcc/arm-none-eabi/13.3.0/../../../../arm-none-eabi/lib/thumb/v7e-m+fp/hard\libc_nano.a(libc_a-stdio.o) (_close_r)
C:/DevToolBox_Slot/GNU_CompilerCollection/bin/../lib/gcc/arm-none-eabi/13.3.0/../../../../arm-none-eabi/lib/thumb/v7e-m+fp/hard\libc_nano.a(libc_a-reent.o)
                              C:/DevToolBox_Slot/GNU_CompilerCollection/bin/../lib/gcc/arm-none-eabi/13.3.0/../../../../arm-none-eabi/lib/thumb/v7e-m+fp/hard\libc_nano.a(libc_a-closer.o) (errno)
C:/DevToolBox_Slot/GNU_CompilerCollection/bin/../lib/gcc/arm-none-eabi/13.3.0/../../../../arm-none-eabi/lib/thumb/v7e-m+fp/hard\libc_nano.a(libc_a-impure.o)
                              C:/DevToolBox_Slot/GNU_CompilerCollection/bin/../lib/gcc/arm-none-eabi/13.3.0/../../../../arm-none-eabi/lib/thumb/v7e-m+fp/hard\libc_nano.a(libc_a-reent.o) (_impure_ptr)
C:/DevToolBox_Slot/GNU_CompilerCollection/bin/../lib/gcc/arm-none-eabi/13.3.0/../../../../arm-none-eabi/lib/thumb/v7e-m+fp/hard\libc_nano.a(libc_a-lseekr.o)
                              C:/DevToolBox_Slot/GNU_CompilerCollection/bin/../lib/gcc/arm-none-eabi/13.3.0/../../../../arm-none-eabi/lib/thumb/v7e-m+fp/hard\libc_nano.a(libc_a-stdio.o) (_lseek_r)
C:/DevToolBox_Slot/GNU_CompilerCollection/bin/../lib/gcc/arm-none-eabi/13.3.0/../../../../arm-none-eabi/lib/thumb/v7e-m+fp/hard\libc_nano.a(libc_a-readr.o)
                              C:/DevToolBox_Slot/GNU_CompilerCollection/bin/../lib/gcc/arm-none-eabi/13.3.0/../../../../arm-none-eabi/lib/thumb/v7e-m+fp/hard\libc_nano.a(libc_a-stdio.o) (_read_r)
C:/DevToolBox_Slot/GNU_CompilerCollection/bin/../lib/gcc/arm-none-eabi/13.3.0/../../../../arm-none-eabi/lib/thumb/v7e-m+fp/hard\libc_nano.a(libc_a-writer.o)
                              C:/DevToolBox_Slot/GNU_CompilerCollection/bin/../lib/gcc/arm-none-eabi/13.3.0/../../../../arm-none-eabi/lib/thumb/v7e-m+fp/hard\libc_nano.a(libc_a-stdio.o) (_write_r)
C:/DevToolBox_Slot/GNU_CompilerCollection/bin/../lib/gcc/arm-none-eabi/13.3.0/../../../../arm-none-eabi/lib/thumb/v7e-m+fp/hard\libc_nano.a(libc_a-errno.o)
                              build/sysmem.o (__errno)
C:/DevToolBox_Slot/GNU_CompilerCollection/bin/../lib/gcc/arm-none-eabi/13.3.0/../../../../arm-none-eabi/lib/thumb/v7e-m+fp/hard\libc_nano.a(libc_a-init.o)
                              C:/DevToolBox_Slot/GNU_CompilerCollection/bin/../lib/gcc/arm-none-eabi/13.3.0/../../../../arm-none-eabi/lib/thumb/v7e-m+fp/hard/crt0.o (__libc_init_array)
C:/DevToolBox_Slot/GNU_CompilerCollection/bin/../lib/gcc/arm-none-eabi/13.3.0/../../../../arm-none-eabi/lib/thumb/v7e-m+fp/hard\libc_nano.a(libc_a-fini.o)
[...]
Memory Configuration

Name             Origin             Length             Attributes
RAM              0x20000000         0x00020000         xrw
CCMRAM           0x10000000         0x00010000         xrw
FLASH            0x08000000         0x00080000         xr
*default*        0x00000000         0xffffffff

Linker script and memory map

LOAD C:/DevToolBox_Slot/GNU_CompilerCollection/bin/../lib/gcc/arm-none-eabi/13.3.0/thumb/v7e-m+fp/hard/crti.o
LOAD C:/DevToolBox_Slot/GNU_CompilerCollection/bin/../lib/gcc/arm-none-eabi/13.3.0/thumb/v7e-m+fp/hard/crtbegin.o
LOAD C:/DevToolBox_Slot/GNU_CompilerCollection/bin/../lib/gcc/arm-none-eabi/13.3.0/../../../../arm-none-eabi/lib/thumb/v7e-m+fp/hard/crt0.o
LOAD build/main.o
LOAD build/stm32f4xx_it.o
LOAD build/stm32f4xx_hal_msp.o
LOAD build/stm32f4xx_hal_can.o
LOAD build/stm32f4xx_hal_rcc.o
LOAD build/stm32f4xx_hal_rcc_ex.o
LOAD build/stm32f4xx_hal_flash.o
LOAD build/stm32f4xx_hal_flash_ex.o
LOAD build/stm32f4xx_hal_flash_ramfunc.o
LOAD build/stm32f4xx_hal_gpio.o
LOAD build/stm32f4xx_hal_dma_ex.o
LOAD build/stm32f4xx_hal_dma.o
LOAD build/stm32f4xx_hal_pwr.o
LOAD build/stm32f4xx_hal_pwr_ex.o
LOAD build/stm32f4xx_hal_cortex.o
LOAD build/stm32f4xx_hal.o
LOAD build/stm32f4xx_hal_exti.o
LOAD build/stm32f4xx_hal_tim.o
LOAD build/stm32f4xx_hal_tim_ex.o
LOAD build/system_stm32f4xx.o
LOAD build/sysmem.o
LOAD build/syscalls.o
LOAD build/gpio.o
LOAD build/can.o
LOAD build/startup_stm32f407xx.o
LOAD C:/DevToolBox_Slot/GNU_CompilerCollection/bin/../lib/gcc/arm-none-eabi/13.3.0/../../../../arm-none-eabi/lib/thumb/v7e-m+fp/hard\libc_nano.a
LOAD C:/DevToolBox_Slot/GNU_CompilerCollection/bin/../lib/gcc/arm-none-eabi/13.3.0/../../../../arm-none-eabi/lib/thumb/v7e-m+fp/hard\libm.a
LOAD C:/DevToolBox_Slot/GNU_CompilerCollection/bin/../lib/gcc/arm-none-eabi/13.3.0/../../../../arm-none-eabi/lib/thumb/v7e-m+fp/hard\libnosys.a
START GROUP
LOAD C:/DevToolBox_Slot/GNU_CompilerCollection/bin/../lib/gcc/arm-none-eabi/13.3.0/thumb/v7e-m+fp/hard\libgcc.a
LOAD C:/DevToolBox_Slot/GNU_CompilerCollection/bin/../lib/gcc/arm-none-eabi/13.3.0/../../../../arm-none-eabi/lib/thumb/v7e-m+fp/hard\libc_nano.a
END GROUP
START GROUP
LOAD C:/DevToolBox_Slot/GNU_CompilerCollection/bin/../lib/gcc/arm-none-eabi/13.3.0/thumb/v7e-m+fp/hard\libgcc.a
LOAD C:/DevToolBox_Slot/GNU_CompilerCollection/bin/../lib/gcc/arm-none-eabi/13.3.0/../../../../arm-none-eabi/lib/thumb/v7e-m+fp/hard\libc_nano.a
END GROUP
LOAD C:/DevToolBox_Slot/GNU_CompilerCollection/bin/../lib/gcc/arm-none-eabi/13.3.0/thumb/v7e-m+fp/hard/crtend.o
LOAD C:/DevToolBox_Slot/GNU_CompilerCollection/bin/../lib/gcc/arm-none-eabi/13.3.0/thumb/v7e-m+fp/hard/crtn.o
                0x20020000                        _estack = (ORIGIN (RAM) + LENGTH (RAM))
                0x00000200                        _Min_Heap_Size = 0x200
                0x00000400                        _Min_Stack_Size = 0x400

.isr_vector     0x08000000      0x188
                0x08000000                        . = ALIGN (0x4)
 *(.isr_vector)
 .isr_vector    0x08000000      0x188 build/startup_stm32f407xx.o
                0x08000000                g_pfnVectors
                0x08000188                        . = ALIGN (0x4)

.text           0x08000188     0x1a94
                0x08000188                        . = ALIGN (0x4)
 *(.text)
 .text          0x08000188       0xa4 C:/DevToolBox_Slot/GNU_CompilerCollection/bin/../lib/gcc/arm-none-eabi/13.3.0/../../../../arm-none-eabi/lib/thumb/v7e-m+fp/hard\libc_nano.a(libc_a-memset.o)
                0x08000188                memset
 .text          0x0800022c       0x50 C:/DevToolBox_Slot/GNU_CompilerCollection/bin/../lib/gcc/arm-none-eabi/13.3.0/../../../../arm-none-eabi/lib/thumb/v7e-m+fp/hard\libc_nano.a(libc_a-init.o)
                0x0800022c                __libc_init_array
 .text          0x0800027c       0x30 C:/DevToolBox_Slot/GNU_CompilerCollection/bin/../lib/gcc/arm-none-eabi/13.3.0/thumb/v7e-m+fp/hard\libgcc.a(_aeabi_uldivmod.o)
                0x0800027c                __aeabi_uldivmod
 .text          0x080002ac        0x4 C:/DevToolBox_Slot/GNU_CompilerCollection/bin/../lib/gcc/arm-none-eabi/13.3.0/thumb/v7e-m+fp/hard\libgcc.a(_dvmd_tls.o)
                0x080002ac                __aeabi_idiv0
                0x080002ac                __aeabi_ldiv0
 *(.text*)
 .text.__do_global_dtors_aux
                0x080002b0       0x24 C:/DevToolBox_Slot/GNU_CompilerCollection/bin/../lib/gcc/arm-none-eabi/13.3.0/thumb/v7e-m+fp/hard/crtbegin.o
 .text.frame_dummy
                0x080002d4       0x1c C:/DevToolBox_Slot/GNU_CompilerCollection/bin/../lib/gcc/arm-none-eabi/13.3.0/thumb/v7e-m+fp/hard/crtbegin.o
 .text.Error_Handler
                0x080002f0        0x4 build/main.o
                0x080002f0                Error_Handler
 .text.SystemClock_Config
                0x080002f4       0xa8 build/main.o
                0x080002f4                SystemClock_Config
 .text.main     0x0800039c       0x8c build/main.o
                0x0800039c                main
 .text.NMI_Handler
                0x08000428        0x2 build/stm32f4xx_it.o
                0x08000428                NMI_Handler
 .text.HardFault_Handler
                0x0800042a        0x2 build/stm32f4xx_it.o
                0x0800042a                HardFault_Handler
 .text.MemManage_Handler
                0x0800042c        0x2 build/stm32f4xx_it.o
                0x0800042c                MemManage_Handler
 .text.BusFault_Handler
                0x0800042e        0x2 build/stm32f4xx_it.o
                0x0800042e                BusFault_Handler
 .text.UsageFault_Handler
                0x08000430        0x2 build/stm32f4xx_it.o
                0x08000430                UsageFault_Handler
 .text.SVC_Handler
                0x08000432        0x2 build/stm32f4xx_it.o
                0x08000432                SVC_Handler
 .text.DebugMon_Handler
                0x08000434        0x2 build/stm32f4xx_it.o
                0x08000434                DebugMon_Handler
 .text.PendSV_Handler
                0x08000436        0x2 build/stm32f4xx_it.o
                0x08000436                PendSV_Handler
 .text.SysTick_Handler
                0x08000438        0x8 build/stm32f4xx_it.o
                0x08000438                SysTick_Handler
 .text.CAN1_RX0_IRQHandler
                0x08000440       0x48 build/stm32f4xx_it.o
                0x08000440                CAN1_RX0_IRQHandler
 .text.HAL_MspInit
                0x08000488       0x38 build/stm32f4xx_hal_msp.o
                0x08000488                HAL_MspInit
 .text.HAL_CAN_Init
                0x080004c0      0x14c build/stm32f4xx_hal_can.o
                0x080004c0                HAL_CAN_Init
 .text.HAL_CAN_ConfigFilter
                0x0800060c      0x138 build/stm32f4xx_hal_can.o
                0x0800060c                HAL_CAN_ConfigFilter
 .text.HAL_CAN_Start
                0x08000744       0x5c build/stm32f4xx_hal_can.o
                0x08000744                HAL_CAN_Start
 .text.HAL_CAN_AddTxMessage
                0x080007a0       0xea build/stm32f4xx_hal_can.o
                0x080007a0                HAL_CAN_AddTxMessage
 .text.HAL_CAN_GetRxMessage
                0x0800088a      0x16a build/stm32f4xx_hal_can.o
                0x0800088a                HAL_CAN_GetRxMessage
 .text.HAL_CAN_ActivateNotification
                0x080009f4       0x24 build/stm32f4xx_hal_can.o
                0x080009f4                HAL_CAN_ActivateNotification
 .text.HAL_CAN_TxMailbox0CompleteCallback
                0x08000a18        0x2 build/stm32f4xx_hal_can.o
                0x08000a18                HAL_CAN_TxMailbox0CompleteCallback
 .text.HAL_CAN_TxMailbox1CompleteCallback
                0x08000a1a        0x2 build/stm32f4xx_hal_can.o
                0x08000a1a                HAL_CAN_TxMailbox1CompleteCallback
 .text.HAL_CAN_TxMailbox2CompleteCallback
                0x08000a1c        0x2 build/stm32f4xx_hal_can.o
                0x08000a1c                HAL_CAN_TxMailbox2CompleteCallback
 .text.HAL_CAN_TxMailbox0AbortCallback
                0x08000a1e        0x2 build/stm32f4xx_hal_can.o
                0x08000a1e                HAL_CAN_TxMailbox0AbortCallback
 .text.HAL_CAN_TxMailbox1AbortCallback
                0x08000a20        0x2 build/stm32f4xx_hal_can.o
                0x08000a20                HAL_CAN_TxMailbox1AbortCallback
 .text.HAL_CAN_TxMailbox2AbortCallback
                0x08000a22        0x2 build/stm32f4xx_hal_can.o
                0x08000a22                HAL_CAN_TxMailbox2AbortCallback
 .text.HAL_CAN_RxFifo0MsgPendingCallback
                0x08000a24        0x2 build/stm32f4xx_hal_can.o
                0x08000a24                HAL_CAN_RxFifo0MsgPendingCallback
 .text.HAL_CAN_RxFifo0FullCallback
                0x08000a26        0x2 build/stm32f4xx_hal_can.o
                0x08000a26                HAL_CAN_RxFifo0FullCallback
 .text.HAL_CAN_RxFifo1MsgPendingCallback
                0x08000a28        0x2 build/stm32f4xx_hal_can.o
                0x08000a28                HAL_CAN_RxFifo1MsgPendingCallback
 .text.HAL_CAN_RxFifo1FullCallback
                0x08000a2a        0x2 build/stm32f4xx_hal_can.o
                0x08000a2a                HAL_CAN_RxFifo1FullCallback
 .text.HAL_CAN_SleepCallback
                0x08000a2c        0x2 build/stm32f4xx_hal_can.o
                0x08000a2c                HAL_CAN_SleepCallback
 .text.HAL_CAN_WakeUpFromRxMsgCallback
                0x08000a2e        0x2 build/stm32f4xx_hal_can.o
                0x08000a2e                HAL_CAN_WakeUpFromRxMsgCallback
 .text.HAL_CAN_ErrorCallback
                0x08000a30        0x2 build/stm32f4xx_hal_can.o
                0x08000a30                HAL_CAN_ErrorCallback
 .text.HAL_CAN_IRQHandler
                0x08000a32      0x250 build/stm32f4xx_hal_can.o
                0x08000a32                HAL_CAN_IRQHandler
 *fill*         0x08000c82        0x2 
 .text.HAL_RCC_OscConfig
                0x08000c84      0x3f8 build/stm32f4xx_hal_rcc.o
                0x08000c84                HAL_RCC_OscConfig
 .text.HAL_RCC_GetSysClockFreq
                0x0800107c       0xdc build/stm32f4xx_hal_rcc.o
                0x0800107c                HAL_RCC_GetSysClockFreq
 .text.HAL_RCC_ClockConfig
                0x08001158      0x160 build/stm32f4xx_hal_rcc.o
                0x08001158                HAL_RCC_ClockConfig
 .text.HAL_GPIO_Init
                0x080012b8      0x1ec build/stm32f4xx_hal_gpio.o
                0x080012b8                HAL_GPIO_Init
 .text.__NVIC_EnableIRQ
                0x080014a4       0x1c build/stm32f4xx_hal_cortex.o
 .text.__NVIC_SetPriority
                0x080014c0       0x28 build/stm32f4xx_hal_cortex.o
 .text.NVIC_EncodePriority
                0x080014e8       0x3e build/stm32f4xx_hal_cortex.o
 *fill*         0x08001526        0x2 
 .text.HAL_NVIC_SetPriorityGrouping
                0x08001528       0x24 build/stm32f4xx_hal_cortex.o
                0x08001528                HAL_NVIC_SetPriorityGrouping
 .text.HAL_NVIC_SetPriority
                0x0800154c       0x20 build/stm32f4xx_hal_cortex.o
                0x0800154c                HAL_NVIC_SetPriority
 .text.HAL_NVIC_EnableIRQ
                0x0800156c        0x8 build/stm32f4xx_hal_cortex.o
                0x0800156c                HAL_NVIC_EnableIRQ
 .text.HAL_SYSTICK_Config
                0x08001574       0x28 build/stm32f4xx_hal_cortex.o
                0x08001574                HAL_SYSTICK_Config
 .text.HAL_InitTick
                0x0800159c       0x4c build/stm32f4xx_hal.o
                0x0800159c                HAL_InitTick
 .text.HAL_Init
                0x080015e8       0x34 build/stm32f4xx_hal.o
                0x080015e8                HAL_Init
 .text.HAL_IncTick
                0x0800161c       0x18 build/stm32f4xx_hal.o
                0x0800161c                HAL_IncTick
 .text.HAL_GetTick
                0x08001634        0xc build/stm32f4xx_hal.o
                0x08001634                HAL_GetTick
 .text.SystemInit
                0x08001640       0x14 build/system_stm32f4xx.o
                0x08001640                SystemInit
 .text.MX_GPIO_Init
                0x08001654       0x38 build/gpio.o
                0x08001654                MX_GPIO_Init
 .text.MX_CAN1_Init
                0x0800168c       0x40 build/can.o
                0x0800168c                MX_CAN1_Init
 .text.HAL_CAN_MspInit
                0x080016cc       0x80 build/can.o
                0x080016cc                HAL_CAN_MspInit
 .text.USER_CAN1_Filter_Init
                0x0800174c       0x88 build/can.o
                0x0800174c                USER_CAN1_Filter_Init
 .text.can_SendCmd
                0x080017d4      0x13c build/can.o
                0x080017d4                can_SendCmd
 .text.Reset_Handler
                0x08001910       0x50 build/startup_stm32f407xx.o
                0x08001910                Reset_Handler
 .text.Default_Handler
                0x08001960        0x2 build/startup_stm32f407xx.o
                0x08001960                RTC_Alarm_IRQHandler
                0x08001960                HASH_RNG_IRQHandler
                0x08001960                EXTI2_IRQHandler
                0x08001960                TIM8_CC_IRQHandler
                0x08001960                TIM1_CC_IRQHandler
                0x08001960                DMA2_Stream5_IRQHandler
                0x08001960                DMA1_Stream5_IRQHandler
                0x08001960                PVD_IRQHandler
                0x08001960                SDIO_IRQHandler
                0x08001960                TAMP_STAMP_IRQHandler
                0x08001960                CAN2_RX1_IRQHandler
                0x08001960                EXTI3_IRQHandler
                0x08001960                TIM8_TRG_COM_TIM14_IRQHandler
                0x08001960                TIM1_UP_TIM10_IRQHandler
                0x08001960                TIM8_UP_TIM13_IRQHandler
                0x08001960                I2C3_ER_IRQHandler
                0x08001960                EXTI0_IRQHandler
                0x08001960                I2C2_EV_IRQHandler
                0x08001960                DMA1_Stream2_IRQHandler
                0x08001960                FPU_IRQHandler
                0x08001960                OTG_HS_WKUP_IRQHandler
                0x08001960                CAN2_SCE_IRQHandler
                0x08001960                DMA2_Stream2_IRQHandler
                0x08001960                SPI1_IRQHandler
                0x08001960                TIM6_DAC_IRQHandler
                0x08001960                TIM1_BRK_TIM9_IRQHandler
                0x08001960                DCMI_IRQHandler
                0x08001960                CAN2_RX0_IRQHandler
                0x08001960                DMA2_Stream3_IRQHandler
                0x08001960                USART6_IRQHandler
                0x08001960                USART3_IRQHandler
                0x08001960                CAN1_RX1_IRQHandler
                0x08001960                UART5_IRQHandler
                0x08001960                DMA2_Stream0_IRQHandler
                0x08001960                TIM4_IRQHandler
                0x08001960                I2C1_EV_IRQHandler
                0x08001960                DMA1_Stream6_IRQHandler
                0x08001960                DMA1_Stream1_IRQHandler
                0x08001960                UART4_IRQHandler
                0x08001960                TIM3_IRQHandler
                0x08001960                RCC_IRQHandler
                0x08001960                TIM8_BRK_TIM12_IRQHandler
                0x08001960                Default_Handler
                0x08001960                EXTI15_10_IRQHandler
                0x08001960                ADC_IRQHandler
                0x08001960                DMA1_Stream7_IRQHandler
                0x08001960                TIM7_IRQHandler
                0x08001960                CAN2_TX_IRQHandler
                0x08001960                TIM5_IRQHandler
                0x08001960                DMA2_Stream7_IRQHandler
                0x08001960                I2C3_EV_IRQHandler
                0x08001960                EXTI9_5_IRQHandler
                0x08001960                RTC_WKUP_IRQHandler
                0x08001960                ETH_WKUP_IRQHandler
                0x08001960                SPI2_IRQHandler
                0x08001960                OTG_HS_EP1_IN_IRQHandler
                0x08001960                DMA1_Stream0_IRQHandler
                0x08001960                CAN1_TX_IRQHandler
                0x08001960                EXTI4_IRQHandler
                0x08001960                FSMC_IRQHandler
                0x08001960                ETH_IRQHandler
                0x08001960                OTG_HS_EP1_OUT_IRQHandler
                0x08001960                WWDG_IRQHandler
                0x08001960                TIM2_IRQHandler
                0x08001960                OTG_FS_WKUP_IRQHandler
                0x08001960                TIM1_TRG_COM_TIM11_IRQHandler
                0x08001960                OTG_HS_IRQHandler
                0x08001960                EXTI1_IRQHandler
                0x08001960                USART2_IRQHandler
                0x08001960                I2C2_ER_IRQHandler
                0x08001960                DMA2_Stream1_IRQHandler
                0x08001960                CAN1_SCE_IRQHandler
                0x08001960                FLASH_IRQHandler
                0x08001960                DMA2_Stream4_IRQHandler
                0x08001960                USART1_IRQHandler
                0x08001960                OTG_FS_IRQHandler
                0x08001960                SPI3_IRQHandler
                0x08001960                DMA1_Stream4_IRQHandler
                0x08001960                I2C1_ER_IRQHandler
                0x08001960                DMA2_Stream6_IRQHandler
                0x08001960                DMA1_Stream3_IRQHandler
 .text.__udivmoddi4
                0x08001962      0x2a0 C:/DevToolBox_Slot/GNU_CompilerCollection/bin/../lib/gcc/arm-none-eabi/13.3.0/thumb/v7e-m+fp/hard\libgcc.a(_udivmoddi4.o)
                0x08001962                __udivmoddi4
 *(.glue_7)
 .glue_7        0x08001c02        0x0 linker stubs
 *(.glue_7t)
 .glue_7t       0x08001c02        0x0 linker stubs
 *(.eh_frame)
 *fill*         0x08001c02        0x2 
 .eh_frame      0x08001c04        0x0 C:/DevToolBox_Slot/GNU_CompilerCollection/bin/../lib/gcc/arm-none-eabi/13.3.0/thumb/v7e-m+fp/hard/crtbegin.o
 *(.init)
 .init          0x08001c04        0x4 C:/DevToolBox_Slot/GNU_CompilerCollection/bin/../lib/gcc/arm-none-eabi/13.3.0/thumb/v7e-m+fp/hard/crti.o
                0x08001c04                _init
 .init          0x08001c08        0x8 C:/DevToolBox_Slot/GNU_CompilerCollection/bin/../lib/gcc/arm-none-eabi/13.3.0/thumb/v7e-m+fp/hard/crtn.o
 *(.fini)
 .fini          0x08001c10        0x4 C:/DevToolBox_Slot/GNU_CompilerCollection/bin/../lib/gcc/arm-none-eabi/13.3.0/thumb/v7e-m+fp/hard/crti.o
                0x08001c10                _fini
 .fini          0x08001c14        0x8 C:/DevToolBox_Slot/GNU_CompilerCollection/bin/../lib/gcc/arm-none-eabi/13.3.0/thumb/v7e-m+fp/hard/crtn.o
                0x08001c1c                        . = ALIGN (0x4)
                0x08001c1c                        _etext = .

.vfp11_veneer   0x08001c1c        0x0
 .vfp11_veneer  0x08001c1c        0x0 linker stubs

.v4_bx          0x08001c1c        0x0
 .v4_bx         0x08001c1c        0x0 linker stubs

.iplt           0x08001c1c        0x0
 .iplt          0x08001c1c        0x0 C:/DevToolBox_Slot/GNU_CompilerCollection/bin/../lib/gcc/arm-none-eabi/13.3.0/thumb/v7e-m+fp/hard/crtbegin.o

.rodata         0x08001c1c       0x10
                0x08001c1c                        . = ALIGN (0x4)
 *(.rodata)
 *(.rodata*)
 .rodata.AHBPrescTable
                0x08001c1c       0x10 build/system_stm32f4xx.o
                0x08001c1c                AHBPrescTable
                0x08001c2c                        . = ALIGN (0x4)

.ARM.extab
 *(.ARM.extab* .gnu.linkonce.armextab.*)

.ARM            0x08001c2c        0x8
                0x08001c2c                        __exidx_start = .
 *(.ARM.exidx*)
 .ARM.exidx.text.__udivmoddi4
                0x08001c2c        0x8 C:/DevToolBox_Slot/GNU_CompilerCollection/bin/../lib/gcc/arm-none-eabi/13.3.0/thumb/v7e-m+fp/hard\libgcc.a(_udivmoddi4.o)
                0x08001c34                        __exidx_end = .

.rel.dyn        0x08001c34        0x0
 .rel.iplt      0x08001c34        0x0 C:/DevToolBox_Slot/GNU_CompilerCollection/bin/../lib/gcc/arm-none-eabi/13.3.0/thumb/v7e-m+fp/hard/crtbegin.o

.preinit_array  0x08001c34        0x0
                0x08001c34                        PROVIDE (__preinit_array_start = .)
 *(.preinit_array*)
                0x08001c34                        PROVIDE (__preinit_array_end = .)

.init_array     0x08001c34        0x4
                0x08001c34                        PROVIDE (__init_array_start = .)
 *(SORT_BY_NAME(.init_array.*))
 *(.init_array*)
 .init_array    0x08001c34        0x4 C:/DevToolBox_Slot/GNU_CompilerCollection/bin/../lib/gcc/arm-none-eabi/13.3.0/thumb/v7e-m+fp/hard/crtbegin.o
                0x08001c38                        PROVIDE (__init_array_end = .)

.fini_array     0x08001c38        0x4
                0x08001c38                        PROVIDE (__fini_array_start = .)
 *(SORT_BY_NAME(.fini_array.*))
 *(.fini_array*)
 .fini_array    0x08001c38        0x4 C:/DevToolBox_Slot/GNU_CompilerCollection/bin/../lib/gcc/arm-none-eabi/13.3.0/thumb/v7e-m+fp/hard/crtbegin.o
                0x08001c3c                        PROVIDE (__fini_array_end = .)
                0x08001c3c                        _sidata = LOADADDR (.data)

.data           0x20000000        0xc load address 0x08001c3c
                0x20000000                        . = ALIGN (0x4)
                0x20000000                        _sdata = .
 *(.data)
 *(.data*)
 .data.uwTickFreq
                0x20000000        0x1 build/stm32f4xx_hal.o
                0x20000000                uwTickFreq
 *fill*         0x20000001        0x3 
 .data.uwTickPrio
                0x20000004        0x4 build/stm32f4xx_hal.o
                0x20000004                uwTickPrio
 .data.SystemCoreClock
                0x20000008        0x4 build/system_stm32f4xx.o
                0x20000008                SystemCoreClock
                0x2000000c                        . = ALIGN (0x4)
                0x2000000c                        _edata = .
                0x08001c48                        _siccmram = LOADADDR (.ccmram)

.igot.plt       0x2000000c        0x0 load address 0x08001c48
 .igot.plt      0x2000000c        0x0 C:/DevToolBox_Slot/GNU_CompilerCollection/bin/../lib/gcc/arm-none-eabi/13.3.0/thumb/v7e-m+fp/hard/crtbegin.o

.ccmram         0x10000000        0x0 load address 0x08001c48
                0x10000000                        . = ALIGN (0x4)
                0x10000000                        _sccmram = .
 *(.ccmram)
 *(.ccmram*)
                0x10000000                        . = ALIGN (0x4)
                0x10000000                        _eccmram = .
                0x10000000                        . = ALIGN (0x4)

.bss            0x2000000c       0xc4
                0x2000000c                        _sbss = .
                0x2000000c                        __bss_start__ = _sbss
 *(.bss)
 *(.bss*)
 .bss.completed.1
                0x2000000c        0x1 C:/DevToolBox_Slot/GNU_CompilerCollection/bin/../lib/gcc/arm-none-eabi/13.3.0/thumb/v7e-m+fp/hard/crtbegin.o
 *fill*         0x2000000d        0x3 
 .bss.object.0  0x20000010       0x18 C:/DevToolBox_Slot/GNU_CompilerCollection/bin/../lib/gcc/arm-none-eabi/13.3.0/thumb/v7e-m+fp/hard/crtbegin.o
 .bss.uwTick    0x20000028        0x4 build/stm32f4xx_hal.o
                0x20000028                uwTick
 .bss.TxMailbox.0
                0x2000002c        0x4 build/can.o
 .bss.hcan1     0x20000030       0x28 build/can.o
                0x20000030                hcan1
 .bss.can       0x20000058       0x78 build/can.o
                0x20000058                can
 *(COMMON)
                0x200000d0                        . = ALIGN (0x4)
                0x200000d0                        _ebss = .
                0x200000d0                        __bss_end__ = _ebss

._user_heap_stack
                0x200000d0      0x600
                0x200000d0                        . = ALIGN (0x8)
                [!provide]                        PROVIDE (end = .)
                0x200000d0                        PROVIDE (_end = .)
                0x200002d0                        . = (. + _Min_Heap_Size)
 *fill*         0x200000d0      0x200 
                0x200006d0                        . = (. + _Min_Stack_Size)
 *fill*         0x200002d0      0x400 
                0x200006d0                        . = ALIGN (0x8)

/DISCARD/
 libc.a(*)
 libm.a(*)
 libgcc.a(*)

.ARM.attributes
                0x00000000       0x30
 *(.ARM.attributes)
 .ARM.attributes
                0x00000000       0x22 C:/DevToolBox_Slot/GNU_CompilerCollection/bin/../lib/gcc/arm-none-eabi/13.3.0/thumb/v7e-m+fp/hard/crti.o
 .ARM.attributes
                0x00000022       0x34 C:/DevToolBox_Slot/GNU_CompilerCollection/bin/../lib/gcc/arm-none-eabi/13.3.0/thumb/v7e-m+fp/hard/crtbegin.o
 .ARM.attributes
                0x00000056       0x34 build/main.o
 .ARM.attributes
                0x0000008a       0x34 build/stm32f4xx_it.o
 .ARM.attributes
                0x000000be       0x34 build/stm32f4xx_hal_msp.o
 .ARM.attributes
                0x000000f2       0x34 build/stm32f4xx_hal_can.o
 .ARM.attributes
                0x00000126       0x34 build/stm32f4xx_hal_rcc.o
 .ARM.attributes
                0x0000015a       0x34 build/stm32f4xx_hal_gpio.o
 .ARM.attributes
                0x0000018e       0x34 build/stm32f4xx_hal_cortex.o
 .ARM.attributes
                0x000001c2       0x34 build/stm32f4xx_hal.o
 .ARM.attributes
                0x000001f6       0x34 build/system_stm32f4xx.o
 .ARM.attributes
                0x0000022a       0x34 build/gpio.o
 .ARM.attributes
                0x0000025e       0x34 build/can.o
 .ARM.attributes
                0x00000292       0x21 build/startup_stm32f407xx.o
 .ARM.attributes
                0x000002b3       0x34 C:/DevToolBox_Slot/GNU_CompilerCollection/bin/../lib/gcc/arm-none-eabi/13.3.0/../../../../arm-none-eabi/lib/thumb/v7e-m+fp/hard\libc_nano.a(libc_a-memset.o)
 .ARM.attributes
                0x000002e7       0x34 C:/DevToolBox_Slot/GNU_CompilerCollection/bin/../lib/gcc/arm-none-eabi/13.3.0/../../../../arm-none-eabi/lib/thumb/v7e-m+fp/hard\libc_nano.a(libc_a-init.o)
 .ARM.attributes
                0x0000031b       0x22 C:/DevToolBox_Slot/GNU_CompilerCollection/bin/../lib/gcc/arm-none-eabi/13.3.0/thumb/v7e-m+fp/hard\libgcc.a(_aeabi_uldivmod.o)
 .ARM.attributes
                0x0000033d       0x34 C:/DevToolBox_Slot/GNU_CompilerCollection/bin/../lib/gcc/arm-none-eabi/13.3.0/thumb/v7e-m+fp/hard\libgcc.a(_udivmoddi4.o)
 .ARM.attributes
                0x00000371       0x22 C:/DevToolBox_Slot/GNU_CompilerCollection/bin/../lib/gcc/arm-none-eabi/13.3.0/thumb/v7e-m+fp/hard\libgcc.a(_dvmd_tls.o)
 .ARM.attributes
                0x00000393       0x22 C:/DevToolBox_Slot/GNU_CompilerCollection/bin/../lib/gcc/arm-none-eabi/13.3.0/thumb/v7e-m+fp/hard/crtn.o
OUTPUT(build/templateF4.elf elf32-littlearm)
LOAD linker stubs
LOAD C:/DevToolBox_Slot/GNU_CompilerCollection/bin/../lib/gcc/arm-none-eabi/13.3.0/../../../../arm-none-eabi/lib/thumb/v7e-m+fp/hard\libc.a
LOAD C:/DevToolBox_Slot/GNU_CompilerCollection/bin/../lib/gcc/arm-none-eabi/13.3.0/../../../../arm-none-eabi/lib/thumb/v7e-m+fp/hard\libm.a
LOAD C:/DevToolBox_Slot/GNU_CompilerCollection/bin/../lib/gcc/arm-none-eabi/13.3.0/thumb/v7e-m+fp/hard\libgcc.a

.debug_info     0x00000000     0x7f47
 .debug_info    0x00000000      0xbc9 build/main.o
 .debug_info    0x00000bc9      0x831 build/stm32f4xx_it.o
 .debug_info    0x000013fa      0x2eb build/stm32f4xx_hal_msp.o
 .debug_info    0x000016e5     0x13d2 build/stm32f4xx_hal_can.o
 .debug_info    0x00002ab7      0xc20 build/stm32f4xx_hal_rcc.o
 .debug_info    0x000036d7      0x848 build/stm32f4xx_hal_gpio.o
 .debug_info    0x00003f1f     0x11e0 build/stm32f4xx_hal_cortex.o
 .debug_info    0x000050ff      0xafa build/stm32f4xx_hal.o
 .debug_info    0x00005bf9      0x5b3 build/system_stm32f4xx.o
 .debug_info    0x000061ac      0x2eb build/gpio.o
 .debug_info    0x00006497     0x10dd build/can.o
 .debug_info    0x00007574       0x30 build/startup_stm32f407xx.o
 .debug_info    0x000075a4      0x135 C:/DevToolBox_Slot/GNU_CompilerCollection/bin/../lib/gcc/arm-none-eabi/13.3.0/../../../../arm-none-eabi/lib/thumb/v7e-m+fp/hard\libc_nano.a(libc_a-memset.o)
 .debug_info    0x000076d9      0x10b C:/DevToolBox_Slot/GNU_CompilerCollection/bin/../lib/gcc/arm-none-eabi/13.3.0/../../../../arm-none-eabi/lib/thumb/v7e-m+fp/hard\libc_nano.a(libc_a-init.o)
 .debug_info    0x000077e4       0x24 C:/DevToolBox_Slot/GNU_CompilerCollection/bin/../lib/gcc/arm-none-eabi/13.3.0/thumb/v7e-m+fp/hard\libgcc.a(_aeabi_uldivmod.o)
 .debug_info    0x00007808      0x703 C:/DevToolBox_Slot/GNU_CompilerCollection/bin/../lib/gcc/arm-none-eabi/13.3.0/thumb/v7e-m+fp/hard\libgcc.a(_udivmoddi4.o)
 .debug_info    0x00007f0b       0x3c C:/DevToolBox_Slot/GNU_CompilerCollection/bin/../lib/gcc/arm-none-eabi/13.3.0/thumb/v7e-m+fp/hard\libgcc.a(_dvmd_tls.o)

.debug_abbrev   0x00000000     0x1a3f
 .debug_abbrev  0x00000000      0x26d build/main.o
 .debug_abbrev  0x0000026d      0x1c4 build/stm32f4xx_it.o
 .debug_abbrev  0x00000431       0xd3 build/stm32f4xx_hal_msp.o
 .debug_abbrev  0x00000504      0x2a2 build/stm32f4xx_hal_can.o
 .debug_abbrev  0x000007a6      0x2de build/stm32f4xx_hal_rcc.o
 .debug_abbrev  0x00000a84      0x22b build/stm32f4xx_hal_gpio.o
 .debug_abbrev  0x00000caf      0x3ca build/stm32f4xx_hal_cortex.o
 .debug_abbrev  0x00001079      0x244 build/stm32f4xx_hal.o
 .debug_abbrev  0x000012bd      0x11b build/system_stm32f4xx.o
 .debug_abbrev  0x000013d8       0xd3 build/gpio.o
 .debug_abbrev  0x000014ab      0x253 build/can.o
 .debug_abbrev  0x000016fe       0x1d build/startup_stm32f407xx.o
 .debug_abbrev  0x0000171b       0xb7 C:/DevToolBox_Slot/GNU_CompilerCollection/bin/../lib/gcc/arm-none-eabi/13.3.0/../../../../arm-none-eabi/lib/thumb/v7e-m+fp/hard\libc_nano.a(libc_a-memset.o)
 .debug_abbrev  0x000017d2       0xc9 C:/DevToolBox_Slot/GNU_CompilerCollection/bin/../lib/gcc/arm-none-eabi/13.3.0/../../../../arm-none-eabi/lib/thumb/v7e-m+fp/hard\libc_nano.a(libc_a-init.o)
 .debug_abbrev  0x0000189b       0x14 C:/DevToolBox_Slot/GNU_CompilerCollection/bin/../lib/gcc/arm-none-eabi/13.3.0/thumb/v7e-m+fp/hard\libgcc.a(_aeabi_uldivmod.o)
 .debug_abbrev  0x000018af      0x16a C:/DevToolBox_Slot/GNU_CompilerCollection/bin/../lib/gcc/arm-none-eabi/13.3.0/thumb/v7e-m+fp/hard\libgcc.a(_udivmoddi4.o)
 .debug_abbrev  0x00001a19       0x26 C:/DevToolBox_Slot/GNU_CompilerCollection/bin/../lib/gcc/arm-none-eabi/13.3.0/thumb/v7e-m+fp/hard\libgcc.a(_dvmd_tls.o)

.debug_loc      0x00000000     0x2d3e
 .debug_loc     0x00000000       0xc0 build/main.o
 .debug_loc     0x000000c0       0x7f build/stm32f4xx_it.o
 .debug_loc     0x0000013f       0x2c build/stm32f4xx_hal_msp.o
 .debug_loc     0x0000016b     0x10d3 build/stm32f4xx_hal_can.o
 .debug_loc     0x0000123e      0x720 build/stm32f4xx_hal_rcc.o
 .debug_loc     0x0000195e      0x60b build/stm32f4xx_hal_gpio.o
 .debug_loc     0x00001f69      0x8ff build/stm32f4xx_hal_cortex.o
 .debug_loc     0x00002868      0x1f9 build/stm32f4xx_hal.o
 .debug_loc     0x00002a61       0xbd build/system_stm32f4xx.o
 .debug_loc     0x00002b1e       0x2c build/gpio.o
 .debug_loc     0x00002b4a      0x1f4 build/can.o

.debug_aranges  0x00000000      0x608
 .debug_aranges
                0x00000000       0x30 build/main.o
 .debug_aranges
                0x00000030       0x68 build/stm32f4xx_it.o
 .debug_aranges
                0x00000098       0x20 build/stm32f4xx_hal_msp.o
 .debug_aranges
                0x000000b8      0x138 build/stm32f4xx_hal_can.o
 .debug_aranges
                0x000001f0       0x88 build/stm32f4xx_hal_rcc.o
 .debug_aranges
                0x00000278       0x58 build/stm32f4xx_hal_gpio.o
 .debug_aranges
                0x000002d0       0xf8 build/stm32f4xx_hal_cortex.o
 .debug_aranges
                0x000003c8       0xf0 build/stm32f4xx_hal.o
 .debug_aranges
                0x000004b8       0x28 build/system_stm32f4xx.o
 .debug_aranges
                0x000004e0       0x20 build/gpio.o
 .debug_aranges
                0x00000500       0x40 build/can.o
 .debug_aranges
                0x00000540       0x28 build/startup_stm32f407xx.o
 .debug_aranges
                0x00000568       0x20 C:/DevToolBox_Slot/GNU_CompilerCollection/bin/../lib/gcc/arm-none-eabi/13.3.0/../../../../arm-none-eabi/lib/thumb/v7e-m+fp/hard\libc_nano.a(libc_a-memset.o)
 .debug_aranges
                0x00000588       0x20 C:/DevToolBox_Slot/GNU_CompilerCollection/bin/../lib/gcc/arm-none-eabi/13.3.0/../../../../arm-none-eabi/lib/thumb/v7e-m+fp/hard\libc_nano.a(libc_a-init.o)
 .debug_aranges
                0x000005a8       0x20 C:/DevToolBox_Slot/GNU_CompilerCollection/bin/../lib/gcc/arm-none-eabi/13.3.0/thumb/v7e-m+fp/hard\libgcc.a(_aeabi_uldivmod.o)
 .debug_aranges
                0x000005c8       0x20 C:/DevToolBox_Slot/GNU_CompilerCollection/bin/../lib/gcc/arm-none-eabi/13.3.0/thumb/v7e-m+fp/hard\libgcc.a(_udivmoddi4.o)
 .debug_aranges
                0x000005e8       0x20 C:/DevToolBox_Slot/GNU_CompilerCollection/bin/../lib/gcc/arm-none-eabi/13.3.0/thumb/v7e-m+fp/hard\libgcc.a(_dvmd_tls.o)

.debug_ranges   0x00000000      0x4e0
 .debug_ranges  0x00000000       0x20 build/main.o
 .debug_ranges  0x00000020       0x58 build/stm32f4xx_it.o
 .debug_ranges  0x00000078       0x10 build/stm32f4xx_hal_msp.o
 .debug_ranges  0x00000088      0x140 build/stm32f4xx_hal_can.o
 .debug_ranges  0x000001c8       0x90 build/stm32f4xx_hal_rcc.o
 .debug_ranges  0x00000258       0x48 build/stm32f4xx_hal_gpio.o
 .debug_ranges  0x000002a0       0xe8 build/stm32f4xx_hal_cortex.o
 .debug_ranges  0x00000388       0xe0 build/stm32f4xx_hal.o
 .debug_ranges  0x00000468       0x18 build/system_stm32f4xx.o
 .debug_ranges  0x00000480       0x10 build/gpio.o
 .debug_ranges  0x00000490       0x30 build/can.o
 .debug_ranges  0x000004c0       0x20 build/startup_stm32f407xx.o

.debug_line     0x00000000     0x4ae3
 .debug_line    0x00000000      0x3b9 build/main.o
 .debug_line    0x000003b9      0x2e5 build/stm32f4xx_it.o
 .debug_line    0x0000069e      0x149 build/stm32f4xx_hal_msp.o
 .debug_line    0x000007e7     0x113d build/stm32f4xx_hal_can.o
 .debug_line    0x00001924      0xbb0 build/stm32f4xx_hal_rcc.o
 .debug_line    0x000024d4      0x6e7 build/stm32f4xx_hal_gpio.o
 .debug_line    0x00002bbb      0x81c build/stm32f4xx_hal_cortex.o
 .debug_line    0x000033d7      0x559 build/stm32f4xx_hal.o
 .debug_line    0x00003930      0x240 build/system_stm32f4xx.o
 .debug_line    0x00003b70      0x13b build/gpio.o
 .debug_line    0x00003cab      0x51b build/can.o
 .debug_line    0x000041c6       0x73 build/startup_stm32f407xx.o
 .debug_line    0x00004239      0x1cc C:/DevToolBox_Slot/GNU_CompilerCollection/bin/../lib/gcc/arm-none-eabi/13.3.0/../../../../arm-none-eabi/lib/thumb/v7e-m+fp/hard\libc_nano.a(libc_a-memset.o)
 .debug_line    0x00004405      0x143 C:/DevToolBox_Slot/GNU_CompilerCollection/bin/../lib/gcc/arm-none-eabi/13.3.0/../../../../arm-none-eabi/lib/thumb/v7e-m+fp/hard\libc_nano.a(libc_a-init.o)
 .debug_line    0x00004548       0x4e C:/DevToolBox_Slot/GNU_CompilerCollection/bin/../lib/gcc/arm-none-eabi/13.3.0/thumb/v7e-m+fp/hard\libgcc.a(_aeabi_uldivmod.o)
 .debug_line    0x00004596      0x503 C:/DevToolBox_Slot/GNU_CompilerCollection/bin/../lib/gcc/arm-none-eabi/13.3.0/thumb/v7e-m+fp/hard\libgcc.a(_udivmoddi4.o)
 .debug_line    0x00004a99       0x4a C:/DevToolBox_Slot/GNU_CompilerCollection/bin/../lib/gcc/arm-none-eabi/13.3.0/thumb/v7e-m+fp/hard\libgcc.a(_dvmd_tls.o)

.debug_str      0x00000000     0x26f7
 .debug_str     0x00000000     0x26f7 build/main.o
                                0x720 (size before relaxing)
 .debug_str     0x000026f7      0x5bf build/stm32f4xx_it.o
 .debug_str     0x000026f7      0x289 build/stm32f4xx_hal_msp.o
 .debug_str     0x000026f7      0xa03 build/stm32f4xx_hal_can.o
 .debug_str     0x000026f7      0x6d4 build/stm32f4xx_hal_rcc.o
 .debug_str     0x000026f7      0x4ae build/stm32f4xx_hal_gpio.o
 .debug_str     0x000026f7      0xc43 build/stm32f4xx_hal_cortex.o
 .debug_str     0x000026f7      0xb32 build/stm32f4xx_hal.o
 .debug_str     0x000026f7      0x343 build/system_stm32f4xx.o
 .debug_str     0x000026f7      0x27d build/gpio.o
 .debug_str     0x000026f7      0xcfa build/can.o
 .debug_str     0x000026f7       0x57 build/startup_stm32f407xx.o
 .debug_str     0x000026f7      0x19a C:/DevToolBox_Slot/GNU_CompilerCollection/bin/../lib/gcc/arm-none-eabi/13.3.0/../../../../arm-none-eabi/lib/thumb/v7e-m+fp/hard\libc_nano.a(libc_a-memset.o)
 .debug_str     0x000026f7      0x1e7 C:/DevToolBox_Slot/GNU_CompilerCollection/bin/../lib/gcc/arm-none-eabi/13.3.0/../../../../arm-none-eabi/lib/thumb/v7e-m+fp/hard\libc_nano.a(libc_a-init.o)
 .debug_str     0x000026f7       0x7d C:/DevToolBox_Slot/GNU_CompilerCollection/bin/../lib/gcc/arm-none-eabi/13.3.0/thumb/v7e-m+fp/hard\libgcc.a(_aeabi_uldivmod.o)
 .debug_str     0x000026f7      0x695 C:/DevToolBox_Slot/GNU_CompilerCollection/bin/../lib/gcc/arm-none-eabi/13.3.0/thumb/v7e-m+fp/hard\libgcc.a(_udivmoddi4.o)
 .debug_str     0x000026f7       0x9d C:/DevToolBox_Slot/GNU_CompilerCollection/bin/../lib/gcc/arm-none-eabi/13.3.0/thumb/v7e-m+fp/hard\libgcc.a(_dvmd_tls.o)

.comment        0x00000000       0x24
 .comment       0x00000000       0x24 build/main.o
                                 0x13 (size before relaxing)
 .comment       0x00000024       0x13 build/stm32f4xx_it.o
 .comment       0x00000024       0x13 build/stm32f4xx_hal_msp.o
 .comment       0x00000024       0x13 build/stm32f4xx_hal_can.o
 .comment       0x00000024       0x13 build/stm32f4xx_hal_rcc.o
 .comment       0x00000024       0x13 build/stm32f4xx_hal_gpio.o
 .comment       0x00000024       0x13 build/stm32f4xx_hal_cortex.o
 .comment       0x00000024       0x13 build/stm32f4xx_hal.o
 .comment       0x00000024       0x13 build/system_stm32f4xx.o
 .comment       0x00000024       0x13 build/gpio.o
 .comment       0x00000024       0x13 build/can.o
 .comment       0x00000024       0x13 C:/DevToolBox_Slot/GNU_CompilerCollection/bin/../lib/gcc/arm-none-eabi/13.3.0/../../../../arm-none-eabi/lib/thumb/v7e-m+fp/hard\libc_nano.a(libc_a-memset.o)
 .comment       0x00000024       0x13 C:/DevToolBox_Slot/GNU_CompilerCollection/bin/../lib/gcc/arm-none-eabi/13.3.0/../../../../arm-none-eabi/lib/thumb/v7e-m+fp/hard\libc_nano.a(libc_a-init.o)
 .comment       0x00000024       0x13 C:/DevToolBox_Slot/GNU_CompilerCollection/bin/../lib/gcc/arm-none-eabi/13.3.0/thumb/v7e-m+fp/hard\libgcc.a(_udivmoddi4.o)

.debug_frame    0x00000000      0xc08
 .debug_frame   0x00000000       0x58 build/main.o
 .debug_frame   0x00000058       0xc0 build/stm32f4xx_it.o
 .debug_frame   0x00000118       0x28 build/stm32f4xx_hal_msp.o
 .debug_frame   0x00000140      0x2d8 build/stm32f4xx_hal_can.o
 .debug_frame   0x00000418      0x16c build/stm32f4xx_hal_rcc.o
 .debug_frame   0x00000584       0xd8 build/stm32f4xx_hal_gpio.o
 .debug_frame   0x0000065c      0x214 build/stm32f4xx_hal_cortex.o
 .debug_frame   0x00000870      0x1ec build/stm32f4xx_hal.o
 .debug_frame   0x00000a5c       0x30 build/system_stm32f4xx.o
 .debug_frame   0x00000a8c       0x28 build/gpio.o
 .debug_frame   0x00000ab4       0x9c build/can.o
 .debug_frame   0x00000b50       0x2c C:/DevToolBox_Slot/GNU_CompilerCollection/bin/../lib/gcc/arm-none-eabi/13.3.0/../../../../arm-none-eabi/lib/thumb/v7e-m+fp/hard\libc_nano.a(libc_a-memset.o)
 .debug_frame   0x00000b7c       0x2c C:/DevToolBox_Slot/GNU_CompilerCollection/bin/../lib/gcc/arm-none-eabi/13.3.0/../../../../arm-none-eabi/lib/thumb/v7e-m+fp/hard\libc_nano.a(libc_a-init.o)
 .debug_frame   0x00000ba8       0x2c C:/DevToolBox_Slot/GNU_CompilerCollection/bin/../lib/gcc/arm-none-eabi/13.3.0/thumb/v7e-m+fp/hard\libgcc.a(_aeabi_uldivmod.o)
 .debug_frame   0x00000bd4       0x34 C:/DevToolBox_Slot/GNU_CompilerCollection/bin/../lib/gcc/arm-none-eabi/13.3.0/thumb/v7e-m+fp/hard\libgcc.a(_udivmoddi4.o)

.debug_loclists
                0x00000000      0x983
 .debug_loclists
                0x00000000      0x1b6 C:/DevToolBox_Slot/GNU_CompilerCollection/bin/../lib/gcc/arm-none-eabi/13.3.0/../../../../arm-none-eabi/lib/thumb/v7e-m+fp/hard\libc_nano.a(libc_a-memset.o)
 .debug_loclists
                0x000001b6       0x65 C:/DevToolBox_Slot/GNU_CompilerCollection/bin/../lib/gcc/arm-none-eabi/13.3.0/../../../../arm-none-eabi/lib/thumb/v7e-m+fp/hard\libc_nano.a(libc_a-init.o)
 .debug_loclists
                0x0000021b      0x768 C:/DevToolBox_Slot/GNU_CompilerCollection/bin/../lib/gcc/arm-none-eabi/13.3.0/thumb/v7e-m+fp/hard\libgcc.a(_udivmoddi4.o)

.debug_line_str
                0x00000000       0x7d
 .debug_line_str
                0x00000000       0x7d C:/DevToolBox_Slot/GNU_CompilerCollection/bin/../lib/gcc/arm-none-eabi/13.3.0/thumb/v7e-m+fp/hard\libgcc.a(_aeabi_uldivmod.o)
                                 0x71 (size before relaxing)
 .debug_line_str
                0x0000007d       0x75 C:/DevToolBox_Slot/GNU_CompilerCollection/bin/../lib/gcc/arm-none-eabi/13.3.0/thumb/v7e-m+fp/hard\libgcc.a(_dvmd_tls.o)

.debug_rnglists
                0x00000000       0x6d
 .debug_rnglists
                0x00000000       0x6d C:/DevToolBox_Slot/GNU_CompilerCollection/bin/../lib/gcc/arm-none-eabi/13.3.0/thumb/v7e-m+fp/hard\libgcc.a(_udivmoddi4.o)

Cross Reference Table

Symbol                                            File
ADC_IRQHandler                                    build/startup_stm32f407xx.o
AHBPrescTable                                     build/system_stm32f4xx.o
                                                  build/stm32f4xx_hal_rcc.o
APBPrescTable                                     build/system_stm32f4xx.o
                                                  build/stm32f4xx_hal_rcc.o
BusFault_Handler                                  build/stm32f4xx_it.o
CAN1_RX0_IRQHandler                               build/stm32f4xx_it.o
CAN1_RX1_IRQHandler                               build/startup_stm32f407xx.o
CAN1_SCE_IRQHandler                               build/startup_stm32f407xx.o
CAN1_TX_IRQHandler                                build/startup_stm32f407xx.o
CAN2_RX0_IRQHandler                               build/startup_stm32f407xx.o
CAN2_RX1_IRQHandler                               build/startup_stm32f407xx.o
CAN2_SCE_IRQHandler                               build/startup_stm32f407xx.o
CAN2_TX_IRQHandler                                build/startup_stm32f407xx.o
DCMI_IRQHandler                                   build/startup_stm32f407xx.o
DMA1_Stream0_IRQHandler                           build/startup_stm32f407xx.o
DMA1_Stream1_IRQHandler                           build/startup_stm32f407xx.o
DMA1_Stream2_IRQHandler                           build/startup_stm32f407xx.o
DMA1_Stream3_IRQHandler                           build/startup_stm32f407xx.o
DMA1_Stream4_IRQHandler                           build/startup_stm32f407xx.o
DMA1_Stream5_IRQHandler                           build/startup_stm32f407xx.o
DMA1_Stream6_IRQHandler                           build/startup_stm32f407xx.o
DMA1_Stream7_IRQHandler                           build/startup_stm32f407xx.o
DMA2_Stream0_IRQHandler                           build/startup_stm32f407xx.o
DMA2_Stream1_IRQHandler                           build/startup_stm32f407xx.o
DMA2_Stream2_IRQHandler                           build/startup_stm32f407xx.o
DMA2_Stream3_IRQHandler                           build/startup_stm32f407xx.o
DMA2_Stream4_IRQHandler                           build/startup_stm32f407xx.o
DMA2_Stream5_IRQHandler                           build/startup_stm32f407xx.o
DMA2_Stream6_IRQHandler                           build/startup_stm32f407xx.o
DMA2_Stream7_IRQHandler                           build/startup_stm32f407xx.o
DebugMon_Handler                                  build/stm32f4xx_it.o
Default_Handler                                   build/startup_stm32f407xx.o
ETH_IRQHandler                                    build/startup_stm32f407xx.o
ETH_WKUP_IRQHandler                               build/startup_stm32f407xx.o
EXTI0_IRQHandler                                  build/startup_stm32f407xx.o
EXTI15_10_IRQHandler                              build/startup_stm32f407xx.o
EXTI1_IRQHandler                                  build/startup_stm32f407xx.o
EXTI2_IRQHandler                                  build/startup_stm32f407xx.o
EXTI3_IRQHandler                                  build/startup_stm32f407xx.o
EXTI4_IRQHandler                                  build/startup_stm32f407xx.o
EXTI9_5_IRQHandler                                build/startup_stm32f407xx.o
Error_Handler                                     build/main.o
                                                  build/can.o
FLASH_Erase_Sector                                build/stm32f4xx_hal_flash_ex.o
                                                  build/stm32f4xx_hal_flash.o
FLASH_FlushCaches                                 build/stm32f4xx_hal_flash_ex.o
                                                  build/stm32f4xx_hal_flash.o
FLASH_IRQHandler                                  build/startup_stm32f407xx.o
FLASH_WaitForLastOperation                        build/stm32f4xx_hal_flash.o
                                                  build/stm32f4xx_hal_flash_ex.o
FPU_IRQHandler                                    build/startup_stm32f407xx.o
FSMC_IRQHandler                                   build/startup_stm32f407xx.o
HAL_CAN_AbortTxRequest                            build/stm32f4xx_hal_can.o
HAL_CAN_ActivateNotification                      build/stm32f4xx_hal_can.o
                                                  build/main.o
HAL_CAN_AddTxMessage                              build/stm32f4xx_hal_can.o
                                                  build/can.o
HAL_CAN_ConfigFilter                              build/stm32f4xx_hal_can.o
                                                  build/can.o
HAL_CAN_DeInit                                    build/stm32f4xx_hal_can.o
HAL_CAN_DeactivateNotification                    build/stm32f4xx_hal_can.o
HAL_CAN_ErrorCallback                             build/stm32f4xx_hal_can.o
HAL_CAN_GetError                                  build/stm32f4xx_hal_can.o
HAL_CAN_GetRxFifoFillLevel                        build/stm32f4xx_hal_can.o
HAL_CAN_GetRxMessage                              build/stm32f4xx_hal_can.o
                                                  build/stm32f4xx_it.o
HAL_CAN_GetState                                  build/stm32f4xx_hal_can.o
HAL_CAN_GetTxMailboxesFreeLevel                   build/stm32f4xx_hal_can.o
HAL_CAN_GetTxTimestamp                            build/stm32f4xx_hal_can.o
HAL_CAN_IRQHandler                                build/stm32f4xx_hal_can.o
                                                  build/stm32f4xx_it.o
HAL_CAN_Init                                      build/stm32f4xx_hal_can.o
                                                  build/can.o
HAL_CAN_IsSleepActive                             build/stm32f4xx_hal_can.o
HAL_CAN_IsTxMessagePending                        build/stm32f4xx_hal_can.o
HAL_CAN_MspDeInit                                 build/can.o
                                                  build/stm32f4xx_hal_can.o
HAL_CAN_MspInit                                   build/can.o
                                                  build/stm32f4xx_hal_can.o
HAL_CAN_RequestSleep                              build/stm32f4xx_hal_can.o
HAL_CAN_ResetError                                build/stm32f4xx_hal_can.o
HAL_CAN_RxFifo0FullCallback                       build/stm32f4xx_hal_can.o
HAL_CAN_RxFifo0MsgPendingCallback                 build/stm32f4xx_hal_can.o
HAL_CAN_RxFifo1FullCallback                       build/stm32f4xx_hal_can.o
HAL_CAN_RxFifo1MsgPendingCallback                 build/stm32f4xx_hal_can.o
HAL_CAN_SleepCallback                             build/stm32f4xx_hal_can.o
HAL_CAN_Start                                     build/stm32f4xx_hal_can.o
                                                  build/main.o
HAL_CAN_Stop                                      build/stm32f4xx_hal_can.o
HAL_CAN_TxMailbox0AbortCallback                   build/stm32f4xx_hal_can.o
HAL_CAN_TxMailbox0CompleteCallback                build/stm32f4xx_hal_can.o
HAL_CAN_TxMailbox1AbortCallback                   build/stm32f4xx_hal_can.o
HAL_CAN_TxMailbox1CompleteCallback                build/stm32f4xx_hal_can.o
HAL_CAN_TxMailbox2AbortCallback                   build/stm32f4xx_hal_can.o
HAL_CAN_TxMailbox2CompleteCallback                build/stm32f4xx_hal_can.o
HAL_CAN_WakeUp                                    build/stm32f4xx_hal_can.o
HAL_CAN_WakeUpFromRxMsgCallback                   build/stm32f4xx_hal_can.o
HAL_CORTEX_ClearEvent                             build/stm32f4xx_hal_cortex.o
HAL_DBGMCU_DisableDBGSleepMode                    build/stm32f4xx_hal.o
HAL_DBGMCU_DisableDBGStandbyMode                  build/stm32f4xx_hal.o
HAL_DBGMCU_DisableDBGStopMode                     build/stm32f4xx_hal.o
HAL_DBGMCU_EnableDBGSleepMode                     build/stm32f4xx_hal.o
HAL_DBGMCU_EnableDBGStandbyMode                   build/stm32f4xx_hal.o
HAL_DBGMCU_EnableDBGStopMode                      build/stm32f4xx_hal.o
HAL_DMAEx_ChangeMemory                            build/stm32f4xx_hal_dma_ex.o
HAL_DMAEx_MultiBufferStart                        build/stm32f4xx_hal_dma_ex.o
HAL_DMAEx_MultiBufferStart_IT                     build/stm32f4xx_hal_dma_ex.o
HAL_DMA_Abort                                     build/stm32f4xx_hal_dma.o
HAL_DMA_Abort_IT                                  build/stm32f4xx_hal_dma.o
HAL_DMA_DeInit                                    build/stm32f4xx_hal_dma.o
HAL_DMA_GetError                                  build/stm32f4xx_hal_dma.o
HAL_DMA_GetState                                  build/stm32f4xx_hal_dma.o
HAL_DMA_IRQHandler                                build/stm32f4xx_hal_dma.o
HAL_DMA_Init                                      build/stm32f4xx_hal_dma.o
HAL_DMA_PollForTransfer                           build/stm32f4xx_hal_dma.o
HAL_DMA_RegisterCallback                          build/stm32f4xx_hal_dma.o
HAL_DMA_Start                                     build/stm32f4xx_hal_dma.o
HAL_DMA_Start_IT                                  build/stm32f4xx_hal_dma.o
HAL_DMA_UnRegisterCallback                        build/stm32f4xx_hal_dma.o
HAL_DeInit                                        build/stm32f4xx_hal.o
HAL_Delay                                         build/stm32f4xx_hal.o
HAL_DisableCompensationCell                       build/stm32f4xx_hal.o
HAL_EXTI_ClearConfigLine                          build/stm32f4xx_hal_exti.o
HAL_EXTI_ClearPending                             build/stm32f4xx_hal_exti.o
HAL_EXTI_GenerateSWI                              build/stm32f4xx_hal_exti.o
HAL_EXTI_GetConfigLine                            build/stm32f4xx_hal_exti.o
HAL_EXTI_GetHandle                                build/stm32f4xx_hal_exti.o
HAL_EXTI_GetPending                               build/stm32f4xx_hal_exti.o
HAL_EXTI_IRQHandler                               build/stm32f4xx_hal_exti.o
HAL_EXTI_RegisterCallback                         build/stm32f4xx_hal_exti.o
HAL_EXTI_SetConfigLine                            build/stm32f4xx_hal_exti.o
HAL_EnableCompensationCell                        build/stm32f4xx_hal.o
HAL_FLASHEx_Erase                                 build/stm32f4xx_hal_flash_ex.o
HAL_FLASHEx_Erase_IT                              build/stm32f4xx_hal_flash_ex.o
HAL_FLASHEx_OBGetConfig                           build/stm32f4xx_hal_flash_ex.o
HAL_FLASHEx_OBProgram                             build/stm32f4xx_hal_flash_ex.o
HAL_FLASH_EndOfOperationCallback                  build/stm32f4xx_hal_flash.o
HAL_FLASH_GetError                                build/stm32f4xx_hal_flash.o
HAL_FLASH_IRQHandler                              build/stm32f4xx_hal_flash.o
HAL_FLASH_Lock                                    build/stm32f4xx_hal_flash.o
HAL_FLASH_OB_Launch                               build/stm32f4xx_hal_flash.o
HAL_FLASH_OB_Lock                                 build/stm32f4xx_hal_flash.o
HAL_FLASH_OB_Unlock                               build/stm32f4xx_hal_flash.o
HAL_FLASH_OperationErrorCallback                  build/stm32f4xx_hal_flash.o
HAL_FLASH_Program                                 build/stm32f4xx_hal_flash.o
HAL_FLASH_Program_IT                              build/stm32f4xx_hal_flash.o
HAL_FLASH_Unlock                                  build/stm32f4xx_hal_flash.o
HAL_GPIO_DeInit                                   build/stm32f4xx_hal_gpio.o
                                                  build/can.o
HAL_GPIO_EXTI_Callback                            build/stm32f4xx_hal_gpio.o
HAL_GPIO_EXTI_IRQHandler                          build/stm32f4xx_hal_gpio.o
HAL_GPIO_Init                                     build/stm32f4xx_hal_gpio.o
                                                  build/can.o
                                                  build/stm32f4xx_hal_rcc.o
HAL_GPIO_LockPin                                  build/stm32f4xx_hal_gpio.o
HAL_GPIO_ReadPin                                  build/stm32f4xx_hal_gpio.o
HAL_GPIO_TogglePin                                build/stm32f4xx_hal_gpio.o
HAL_GPIO_WritePin                                 build/stm32f4xx_hal_gpio.o
HAL_GetDEVID                                      build/stm32f4xx_hal.o
HAL_GetHalVersion                                 build/stm32f4xx_hal.o
HAL_GetREVID                                      build/stm32f4xx_hal.o
HAL_GetTick                                       build/stm32f4xx_hal.o
                                                  build/stm32f4xx_hal_pwr_ex.o
                                                  build/stm32f4xx_hal_dma.o
                                                  build/stm32f4xx_hal_flash.o
                                                  build/stm32f4xx_hal_rcc_ex.o
                                                  build/stm32f4xx_hal_rcc.o
                                                  build/stm32f4xx_hal_can.o
HAL_GetTickFreq                                   build/stm32f4xx_hal.o
HAL_GetTickPrio                                   build/stm32f4xx_hal.o
HAL_GetUIDw0                                      build/stm32f4xx_hal.o
HAL_GetUIDw1                                      build/stm32f4xx_hal.o
HAL_GetUIDw2                                      build/stm32f4xx_hal.o
HAL_IncTick                                       build/stm32f4xx_hal.o
                                                  build/stm32f4xx_it.o
HAL_Init                                          build/stm32f4xx_hal.o
                                                  build/main.o
HAL_InitTick                                      build/stm32f4xx_hal.o
                                                  build/stm32f4xx_hal_rcc_ex.o
                                                  build/stm32f4xx_hal_rcc.o
HAL_MPU_ConfigRegion                              build/stm32f4xx_hal_cortex.o
HAL_MPU_Disable                                   build/stm32f4xx_hal_cortex.o
HAL_MPU_DisableRegion                             build/stm32f4xx_hal_cortex.o
HAL_MPU_Enable                                    build/stm32f4xx_hal_cortex.o
HAL_MPU_EnableRegion                              build/stm32f4xx_hal_cortex.o
HAL_MspDeInit                                     build/stm32f4xx_hal.o
HAL_MspInit                                       build/stm32f4xx_hal_msp.o
HAL_NVIC_ClearPendingIRQ                          build/stm32f4xx_hal_cortex.o
HAL_NVIC_DisableIRQ                               build/stm32f4xx_hal_cortex.o
                                                  build/can.o
HAL_NVIC_EnableIRQ                                build/stm32f4xx_hal_cortex.o
                                                  build/can.o
HAL_NVIC_GetActive                                build/stm32f4xx_hal_cortex.o
HAL_NVIC_GetPendingIRQ                            build/stm32f4xx_hal_cortex.o
HAL_NVIC_GetPriority                              build/stm32f4xx_hal_cortex.o
HAL_NVIC_GetPriorityGrouping                      build/stm32f4xx_hal_cortex.o
HAL_NVIC_SetPendingIRQ                            build/stm32f4xx_hal_cortex.o
HAL_NVIC_SetPriority                              build/stm32f4xx_hal_cortex.o
                                                  build/can.o
                                                  build/stm32f4xx_hal.o
HAL_NVIC_SetPriorityGrouping                      build/stm32f4xx_hal_cortex.o
                                                  build/stm32f4xx_hal.o
HAL_NVIC_SystemReset                              build/stm32f4xx_hal_cortex.o
HAL_PWREx_ControlVoltageScaling                   build/stm32f4xx_hal_pwr_ex.o
HAL_PWREx_DisableBkUpReg                          build/stm32f4xx_hal_pwr_ex.o
HAL_PWREx_DisableFlashPowerDown                   build/stm32f4xx_hal_pwr_ex.o
HAL_PWREx_EnableBkUpReg                           build/stm32f4xx_hal_pwr_ex.o
HAL_PWREx_EnableFlashPowerDown                    build/stm32f4xx_hal_pwr_ex.o
HAL_PWREx_GetVoltageRange                         build/stm32f4xx_hal_pwr_ex.o
HAL_PWR_ConfigPVD                                 build/stm32f4xx_hal_pwr.o
HAL_PWR_DeInit                                    build/stm32f4xx_hal_pwr.o
HAL_PWR_DisableBkUpAccess                         build/stm32f4xx_hal_pwr.o
HAL_PWR_DisablePVD                                build/stm32f4xx_hal_pwr.o
HAL_PWR_DisableSEVOnPend                          build/stm32f4xx_hal_pwr.o
HAL_PWR_DisableSleepOnExit                        build/stm32f4xx_hal_pwr.o
HAL_PWR_DisableWakeUpPin                          build/stm32f4xx_hal_pwr.o
HAL_PWR_EnableBkUpAccess                          build/stm32f4xx_hal_pwr.o
HAL_PWR_EnablePVD                                 build/stm32f4xx_hal_pwr.o
HAL_PWR_EnableSEVOnPend                           build/stm32f4xx_hal_pwr.o
HAL_PWR_EnableSleepOnExit                         build/stm32f4xx_hal_pwr.o
HAL_PWR_EnableWakeUpPin                           build/stm32f4xx_hal_pwr.o
HAL_PWR_EnterSLEEPMode                            build/stm32f4xx_hal_pwr.o
HAL_PWR_EnterSTANDBYMode                          build/stm32f4xx_hal_pwr.o
HAL_PWR_EnterSTOPMode                             build/stm32f4xx_hal_pwr.o
HAL_PWR_PVDCallback                               build/stm32f4xx_hal_pwr.o
HAL_PWR_PVD_IRQHandler                            build/stm32f4xx_hal_pwr.o
HAL_RCCEx_DisablePLLI2S                           build/stm32f4xx_hal_rcc_ex.o
HAL_RCCEx_EnablePLLI2S                            build/stm32f4xx_hal_rcc_ex.o
HAL_RCCEx_GetPeriphCLKConfig                      build/stm32f4xx_hal_rcc_ex.o
HAL_RCCEx_GetPeriphCLKFreq                        build/stm32f4xx_hal_rcc_ex.o
HAL_RCCEx_PeriphCLKConfig                         build/stm32f4xx_hal_rcc_ex.o
HAL_RCC_CSSCallback                               build/stm32f4xx_hal_rcc.o
HAL_RCC_ClockConfig                               build/stm32f4xx_hal_rcc.o
                                                  build/main.o
HAL_RCC_DeInit                                    build/stm32f4xx_hal_rcc_ex.o
                                                  build/stm32f4xx_hal_rcc.o
HAL_RCC_DisableCSS                                build/stm32f4xx_hal_rcc.o
HAL_RCC_EnableCSS                                 build/stm32f4xx_hal_rcc.o
HAL_RCC_GetClockConfig                            build/stm32f4xx_hal_rcc.o
HAL_RCC_GetHCLKFreq                               build/stm32f4xx_hal_rcc.o
HAL_RCC_GetOscConfig                              build/stm32f4xx_hal_rcc.o
HAL_RCC_GetPCLK1Freq                              build/stm32f4xx_hal_rcc.o
HAL_RCC_GetPCLK2Freq                              build/stm32f4xx_hal_rcc.o
HAL_RCC_GetSysClockFreq                           build/stm32f4xx_hal_rcc.o
HAL_RCC_MCOConfig                                 build/stm32f4xx_hal_rcc.o
HAL_RCC_NMI_IRQHandler                            build/stm32f4xx_hal_rcc.o
HAL_RCC_OscConfig                                 build/stm32f4xx_hal_rcc.o
                                                  build/main.o
HAL_ResumeTick                                    build/stm32f4xx_hal.o
HAL_SYSTICK_CLKSourceConfig                       build/stm32f4xx_hal_cortex.o
HAL_SYSTICK_Callback                              build/stm32f4xx_hal_cortex.o
HAL_SYSTICK_Config                                build/stm32f4xx_hal_cortex.o
                                                  build/stm32f4xx_hal.o
HAL_SYSTICK_IRQHandler                            build/stm32f4xx_hal_cortex.o
HAL_SetTickFreq                                   build/stm32f4xx_hal.o
HAL_SuspendTick                                   build/stm32f4xx_hal.o
HASH_RNG_IRQHandler                               build/startup_stm32f407xx.o
HardFault_Handler                                 build/stm32f4xx_it.o
I2C1_ER_IRQHandler                                build/startup_stm32f407xx.o
I2C1_EV_IRQHandler                                build/startup_stm32f407xx.o
I2C2_ER_IRQHandler                                build/startup_stm32f407xx.o
I2C2_EV_IRQHandler                                build/startup_stm32f407xx.o
I2C3_ER_IRQHandler                                build/startup_stm32f407xx.o
I2C3_EV_IRQHandler                                build/startup_stm32f407xx.o
MX_CAN1_Init                                      build/can.o
                                                  build/main.o
MX_GPIO_Init                                      build/gpio.o
                                                  build/main.o
MemManage_Handler                                 build/stm32f4xx_it.o
NMI_Handler                                       build/stm32f4xx_it.o
OTG_FS_IRQHandler                                 build/startup_stm32f407xx.o
OTG_FS_WKUP_IRQHandler                            build/startup_stm32f407xx.o
OTG_HS_EP1_IN_IRQHandler                          build/startup_stm32f407xx.o
OTG_HS_EP1_OUT_IRQHandler                         build/startup_stm32f407xx.o
OTG_HS_IRQHandler                                 build/startup_stm32f407xx.o
OTG_HS_WKUP_IRQHandler                            build/startup_stm32f407xx.o
PVD_IRQHandler                                    build/startup_stm32f407xx.o
PendSV_Handler                                    build/stm32f4xx_it.o
RCC_IRQHandler                                    build/startup_stm32f407xx.o
RTC_Alarm_IRQHandler                              build/startup_stm32f407xx.o
RTC_WKUP_IRQHandler                               build/startup_stm32f407xx.o
Reset_Handler                                     build/startup_stm32f407xx.o
SDIO_IRQHandler                                   build/startup_stm32f407xx.o
SPI1_IRQHandler                                   build/startup_stm32f407xx.o
SPI2_IRQHandler                                   build/startup_stm32f407xx.o
SPI3_IRQHandler                                   build/startup_stm32f407xx.o
SVC_Handler                                       build/stm32f4xx_it.o
SysTick_Handler                                   build/stm32f4xx_it.o
SystemClock_Config                                build/main.o
SystemCoreClock                                   build/system_stm32f4xx.o
                                                  build/stm32f4xx_hal.o
                                                  build/stm32f4xx_hal_dma.o
                                                  build/stm32f4xx_hal_rcc_ex.o
                                                  build/stm32f4xx_hal_rcc.o
SystemCoreClockUpdate                             build/system_stm32f4xx.o
SystemInit                                        build/system_stm32f4xx.o
                                                  build/startup_stm32f407xx.o
TAMP_STAMP_IRQHandler                             build/startup_stm32f407xx.o
TIM1_BRK_TIM9_IRQHandler                          build/startup_stm32f407xx.o
TIM1_CC_IRQHandler                                build/startup_stm32f407xx.o
TIM1_TRG_COM_TIM11_IRQHandler                     build/startup_stm32f407xx.o
TIM1_UP_TIM10_IRQHandler                          build/startup_stm32f407xx.o
TIM2_IRQHandler                                   build/startup_stm32f407xx.o
TIM3_IRQHandler                                   build/startup_stm32f407xx.o
TIM4_IRQHandler                                   build/startup_stm32f407xx.o
TIM5_IRQHandler                                   build/startup_stm32f407xx.o
TIM6_DAC_IRQHandler                               build/startup_stm32f407xx.o
TIM7_IRQHandler                                   build/startup_stm32f407xx.o
TIM8_BRK_TIM12_IRQHandler                         build/startup_stm32f407xx.o
TIM8_CC_IRQHandler                                build/startup_stm32f407xx.o
TIM8_TRG_COM_TIM14_IRQHandler                     build/startup_stm32f407xx.o
TIM8_UP_TIM13_IRQHandler                          build/startup_stm32f407xx.o
UART4_IRQHandler                                  build/startup_stm32f407xx.o
UART5_IRQHandler                                  build/startup_stm32f407xx.o
USART1_IRQHandler                                 build/startup_stm32f407xx.o
USART2_IRQHandler                                 build/startup_stm32f407xx.o
USART3_IRQHandler                                 build/startup_stm32f407xx.o
USART6_IRQHandler                                 build/startup_stm32f407xx.o
USER_CAN1_Filter_Init                             build/can.o
                                                  build/main.o
UsageFault_Handler                                build/stm32f4xx_it.o
WWDG_IRQHandler                                   build/startup_stm32f407xx.o
_Min_Stack_Size                                   build/sysmem.o
__aeabi_idiv0                                     C:/DevToolBox_Slot/GNU_CompilerCollection/bin/../lib/gcc/arm-none-eabi/13.3.0/thumb/v7e-m+fp/hard\libgcc.a(_dvmd_tls.o)
__aeabi_ldiv0                                     C:/DevToolBox_Slot/GNU_CompilerCollection/bin/../lib/gcc/arm-none-eabi/13.3.0/thumb/v7e-m+fp/hard\libgcc.a(_dvmd_tls.o)
                                                  C:/DevToolBox_Slot/GNU_CompilerCollection/bin/../lib/gcc/arm-none-eabi/13.3.0/thumb/v7e-m+fp/hard\libgcc.a(_aeabi_uldivmod.o)
__aeabi_uldivmod                                  C:/DevToolBox_Slot/GNU_CompilerCollection/bin/../lib/gcc/arm-none-eabi/13.3.0/thumb/v7e-m+fp/hard\libgcc.a(_aeabi_uldivmod.o)
                                                  build/stm32f4xx_hal_rcc.o
__atexit                                          C:/DevToolBox_Slot/GNU_CompilerCollection/bin/../lib/gcc/arm-none-eabi/13.3.0/../../../../arm-none-eabi/lib/thumb/v7e-m+fp/hard\libc_nano.a(libc_a-__call_atexit.o)
                                                  C:/DevToolBox_Slot/GNU_CompilerCollection/bin/../lib/gcc/arm-none-eabi/13.3.0/../../../../arm-none-eabi/lib/thumb/v7e-m+fp/hard\libc_nano.a(libc_a-__atexit.o)
__atexit0                                         C:/DevToolBox_Slot/GNU_CompilerCollection/bin/../lib/gcc/arm-none-eabi/13.3.0/../../../../arm-none-eabi/lib/thumb/v7e-m+fp/hard\libc_nano.a(libc_a-__atexit.o)
__atexit_dummy                                    C:/DevToolBox_Slot/GNU_CompilerCollection/bin/../lib/gcc/arm-none-eabi/13.3.0/../../../../arm-none-eabi/lib/thumb/v7e-m+fp/hard\libc_nano.a(libc_a-__atexit.o)
__atexit_recursive_mutex                          C:/DevToolBox_Slot/GNU_CompilerCollection/bin/../lib/gcc/arm-none-eabi/13.3.0/../../../../arm-none-eabi/lib/thumb/v7e-m+fp/hard\libc_nano.a(libc_a-__call_atexit.o)
                                                  C:/DevToolBox_Slot/GNU_CompilerCollection/bin/../lib/gcc/arm-none-eabi/13.3.0/../../../../arm-none-eabi/lib/thumb/v7e-m+fp/hard\libc_nano.a(libc_a-__atexit.o)
__bss_end__                                       C:/DevToolBox_Slot/GNU_CompilerCollection/bin/../lib/gcc/arm-none-eabi/13.3.0/../../../../arm-none-eabi/lib/thumb/v7e-m+fp/hard/crt0.o
__bss_start__                                     C:/DevToolBox_Slot/GNU_CompilerCollection/bin/../lib/gcc/arm-none-eabi/13.3.0/../../../../arm-none-eabi/lib/thumb/v7e-m+fp/hard/crt0.o
__call_exitprocs                                  C:/DevToolBox_Slot/GNU_CompilerCollection/bin/../lib/gcc/arm-none-eabi/13.3.0/../../../../arm-none-eabi/lib/thumb/v7e-m+fp/hard\libc_nano.a(libc_a-__call_atexit.o)
                                                  C:/DevToolBox_Slot/GNU_CompilerCollection/bin/../lib/gcc/arm-none-eabi/13.3.0/../../../../arm-none-eabi/lib/thumb/v7e-m+fp/hard\libc_nano.a(libc_a-__atexit.o)
                                                  C:/DevToolBox_Slot/GNU_CompilerCollection/bin/../lib/gcc/arm-none-eabi/13.3.0/../../../../arm-none-eabi/lib/thumb/v7e-m+fp/hard\libc_nano.a(libc_a-exit.o)
__deregister_frame_info                           C:/DevToolBox_Slot/GNU_CompilerCollection/bin/../lib/gcc/arm-none-eabi/13.3.0/thumb/v7e-m+fp/hard/crtbegin.o
__dso_handle                                      C:/DevToolBox_Slot/GNU_CompilerCollection/bin/../lib/gcc/arm-none-eabi/13.3.0/thumb/v7e-m+fp/hard/crtbegin.o
__env                                             build/syscalls.o
__errno                                           C:/DevToolBox_Slot/GNU_CompilerCollection/bin/../lib/gcc/arm-none-eabi/13.3.0/../../../../arm-none-eabi/lib/thumb/v7e-m+fp/hard\libc_nano.a(libc_a-errno.o)
                                                  build/syscalls.o
                                                  build/sysmem.o
__fini_array_end                                  C:/DevToolBox_Slot/GNU_CompilerCollection/bin/../lib/gcc/arm-none-eabi/13.3.0/../../../../arm-none-eabi/lib/thumb/v7e-m+fp/hard\libc_nano.a(libc_a-fini.o)
__fini_array_start                                C:/DevToolBox_Slot/GNU_CompilerCollection/bin/../lib/gcc/arm-none-eabi/13.3.0/../../../../arm-none-eabi/lib/thumb/v7e-m+fp/hard\libc_nano.a(libc_a-fini.o)
__fp_lock_all                                     C:/DevToolBox_Slot/GNU_CompilerCollection/bin/../lib/gcc/arm-none-eabi/13.3.0/../../../../arm-none-eabi/lib/thumb/v7e-m+fp/hard\libc_nano.a(libc_a-findfp.o)
__fp_unlock_all                                   C:/DevToolBox_Slot/GNU_CompilerCollection/bin/../lib/gcc/arm-none-eabi/13.3.0/../../../../arm-none-eabi/lib/thumb/v7e-m+fp/hard\libc_nano.a(libc_a-findfp.o)
__init_array_end                                  C:/DevToolBox_Slot/GNU_CompilerCollection/bin/../lib/gcc/arm-none-eabi/13.3.0/../../../../arm-none-eabi/lib/thumb/v7e-m+fp/hard\libc_nano.a(libc_a-init.o)
__init_array_start                                C:/DevToolBox_Slot/GNU_CompilerCollection/bin/../lib/gcc/arm-none-eabi/13.3.0/../../../../arm-none-eabi/lib/thumb/v7e-m+fp/hard\libc_nano.a(libc_a-init.o)
__io_getchar                                      build/syscalls.o
__io_putchar                                      build/syscalls.o
__libc_fini_array                                 C:/DevToolBox_Slot/GNU_CompilerCollection/bin/../lib/gcc/arm-none-eabi/13.3.0/../../../../arm-none-eabi/lib/thumb/v7e-m+fp/hard\libc_nano.a(libc_a-fini.o)
                                                  C:/DevToolBox_Slot/GNU_CompilerCollection/bin/../lib/gcc/arm-none-eabi/13.3.0/../../../../arm-none-eabi/lib/thumb/v7e-m+fp/hard/crt0.o
__libc_init_array                                 C:/DevToolBox_Slot/GNU_CompilerCollection/bin/../lib/gcc/arm-none-eabi/13.3.0/../../../../arm-none-eabi/lib/thumb/v7e-m+fp/hard\libc_nano.a(libc_a-init.o)
                                                  build/startup_stm32f407xx.o
                                                  C:/DevToolBox_Slot/GNU_CompilerCollection/bin/../lib/gcc/arm-none-eabi/13.3.0/../../../../arm-none-eabi/lib/thumb/v7e-m+fp/hard/crt0.o
__lock___arc4random_mutex                         C:/DevToolBox_Slot/GNU_CompilerCollection/bin/../lib/gcc/arm-none-eabi/13.3.0/../../../../arm-none-eabi/lib/thumb/v7e-m+fp/hard\libc_nano.a(libc_a-lock.o)
__lock___at_quick_exit_mutex                      C:/DevToolBox_Slot/GNU_CompilerCollection/bin/../lib/gcc/arm-none-eabi/13.3.0/../../../../arm-none-eabi/lib/thumb/v7e-m+fp/hard\libc_nano.a(libc_a-lock.o)
__lock___atexit_recursive_mutex                   C:/DevToolBox_Slot/GNU_CompilerCollection/bin/../lib/gcc/arm-none-eabi/13.3.0/../../../../arm-none-eabi/lib/thumb/v7e-m+fp/hard\libc_nano.a(libc_a-lock.o)
                                                  C:/DevToolBox_Slot/GNU_CompilerCollection/bin/../lib/gcc/arm-none-eabi/13.3.0/../../../../arm-none-eabi/lib/thumb/v7e-m+fp/hard\libc_nano.a(libc_a-__call_atexit.o)
__lock___dd_hash_mutex                            C:/DevToolBox_Slot/GNU_CompilerCollection/bin/../lib/gcc/arm-none-eabi/13.3.0/../../../../arm-none-eabi/lib/thumb/v7e-m+fp/hard\libc_nano.a(libc_a-lock.o)
__lock___env_recursive_mutex                      C:/DevToolBox_Slot/GNU_CompilerCollection/bin/../lib/gcc/arm-none-eabi/13.3.0/../../../../arm-none-eabi/lib/thumb/v7e-m+fp/hard\libc_nano.a(libc_a-lock.o)
__lock___malloc_recursive_mutex                   C:/DevToolBox_Slot/GNU_CompilerCollection/bin/../lib/gcc/arm-none-eabi/13.3.0/../../../../arm-none-eabi/lib/thumb/v7e-m+fp/hard\libc_nano.a(libc_a-lock.o)
                                                  C:/DevToolBox_Slot/GNU_CompilerCollection/bin/../lib/gcc/arm-none-eabi/13.3.0/../../../../arm-none-eabi/lib/thumb/v7e-m+fp/hard\libc_nano.a(libc_a-mlock.o)
__lock___sfp_recursive_mutex                      C:/DevToolBox_Slot/GNU_CompilerCollection/bin/../lib/gcc/arm-none-eabi/13.3.0/../../../../arm-none-eabi/lib/thumb/v7e-m+fp/hard\libc_nano.a(libc_a-lock.o)
                                                  C:/DevToolBox_Slot/GNU_CompilerCollection/bin/../lib/gcc/arm-none-eabi/13.3.0/../../../../arm-none-eabi/lib/thumb/v7e-m+fp/hard\libc_nano.a(libc_a-findfp.o)
__lock___tz_mutex                                 C:/DevToolBox_Slot/GNU_CompilerCollection/bin/../lib/gcc/arm-none-eabi/13.3.0/../../../../arm-none-eabi/lib/thumb/v7e-m+fp/hard\libc_nano.a(libc_a-lock.o)
__malloc_free_list                                C:/DevToolBox_Slot/GNU_CompilerCollection/bin/../lib/gcc/arm-none-eabi/13.3.0/../../../../arm-none-eabi/lib/thumb/v7e-m+fp/hard\libc_nano.a(libc_a-mallocr.o)
                                                  C:/DevToolBox_Slot/GNU_CompilerCollection/bin/../lib/gcc/arm-none-eabi/13.3.0/../../../../arm-none-eabi/lib/thumb/v7e-m+fp/hard\libc_nano.a(libc_a-freer.o)
__malloc_lock                                     C:/DevToolBox_Slot/GNU_CompilerCollection/bin/../lib/gcc/arm-none-eabi/13.3.0/../../../../arm-none-eabi/lib/thumb/v7e-m+fp/hard\libc_nano.a(libc_a-mlock.o)
                                                  C:/DevToolBox_Slot/GNU_CompilerCollection/bin/../lib/gcc/arm-none-eabi/13.3.0/../../../../arm-none-eabi/lib/thumb/v7e-m+fp/hard\libc_nano.a(libc_a-mallocr.o)
                                                  C:/DevToolBox_Slot/GNU_CompilerCollection/bin/../lib/gcc/arm-none-eabi/13.3.0/../../../../arm-none-eabi/lib/thumb/v7e-m+fp/hard\libc_nano.a(libc_a-freer.o)
__malloc_sbrk_start                               C:/DevToolBox_Slot/GNU_CompilerCollection/bin/../lib/gcc/arm-none-eabi/13.3.0/../../../../arm-none-eabi/lib/thumb/v7e-m+fp/hard\libc_nano.a(libc_a-mallocr.o)
__malloc_unlock                                   C:/DevToolBox_Slot/GNU_CompilerCollection/bin/../lib/gcc/arm-none-eabi/13.3.0/../../../../arm-none-eabi/lib/thumb/v7e-m+fp/hard\libc_nano.a(libc_a-mlock.o)
                                                  C:/DevToolBox_Slot/GNU_CompilerCollection/bin/../lib/gcc/arm-none-eabi/13.3.0/../../../../arm-none-eabi/lib/thumb/v7e-m+fp/hard\libc_nano.a(libc_a-mallocr.o)
                                                  C:/DevToolBox_Slot/GNU_CompilerCollection/bin/../lib/gcc/arm-none-eabi/13.3.0/../../../../arm-none-eabi/lib/thumb/v7e-m+fp/hard\libc_nano.a(libc_a-freer.o)
__on_exit_args                                    C:/DevToolBox_Slot/GNU_CompilerCollection/bin/../lib/gcc/arm-none-eabi/13.3.0/../../../../arm-none-eabi/lib/thumb/v7e-m+fp/hard\libc_nano.a(libc_a-__atexit.o)
__preinit_array_end                               C:/DevToolBox_Slot/GNU_CompilerCollection/bin/../lib/gcc/arm-none-eabi/13.3.0/../../../../arm-none-eabi/lib/thumb/v7e-m+fp/hard\libc_nano.a(libc_a-init.o)
__preinit_array_start                             C:/DevToolBox_Slot/GNU_CompilerCollection/bin/../lib/gcc/arm-none-eabi/13.3.0/../../../../arm-none-eabi/lib/thumb/v7e-m+fp/hard\libc_nano.a(libc_a-init.o)
__register_exitproc                               C:/DevToolBox_Slot/GNU_CompilerCollection/bin/../lib/gcc/arm-none-eabi/13.3.0/../../../../arm-none-eabi/lib/thumb/v7e-m+fp/hard\libc_nano.a(libc_a-__atexit.o)
                                                  C:/DevToolBox_Slot/GNU_CompilerCollection/bin/../lib/gcc/arm-none-eabi/13.3.0/../../../../arm-none-eabi/lib/thumb/v7e-m+fp/hard\libc_nano.a(libc_a-atexit.o)
__register_frame_info                             C:/DevToolBox_Slot/GNU_CompilerCollection/bin/../lib/gcc/arm-none-eabi/13.3.0/thumb/v7e-m+fp/hard/crtbegin.o
__retarget_lock_acquire                           C:/DevToolBox_Slot/GNU_CompilerCollection/bin/../lib/gcc/arm-none-eabi/13.3.0/../../../../arm-none-eabi/lib/thumb/v7e-m+fp/hard\libc_nano.a(libc_a-lock.o)
__retarget_lock_acquire_recursive                 C:/DevToolBox_Slot/GNU_CompilerCollection/bin/../lib/gcc/arm-none-eabi/13.3.0/../../../../arm-none-eabi/lib/thumb/v7e-m+fp/hard\libc_nano.a(libc_a-lock.o)
                                                  C:/DevToolBox_Slot/GNU_CompilerCollection/bin/../lib/gcc/arm-none-eabi/13.3.0/../../../../arm-none-eabi/lib/thumb/v7e-m+fp/hard\libc_nano.a(libc_a-fflush.o)
                                                  C:/DevToolBox_Slot/GNU_CompilerCollection/bin/../lib/gcc/arm-none-eabi/13.3.0/../../../../arm-none-eabi/lib/thumb/v7e-m+fp/hard\libc_nano.a(libc_a-mlock.o)
                                                  C:/DevToolBox_Slot/GNU_CompilerCollection/bin/../lib/gcc/arm-none-eabi/13.3.0/../../../../arm-none-eabi/lib/thumb/v7e-m+fp/hard\libc_nano.a(libc_a-__call_atexit.o)
                                                  C:/DevToolBox_Slot/GNU_CompilerCollection/bin/../lib/gcc/arm-none-eabi/13.3.0/../../../../arm-none-eabi/lib/thumb/v7e-m+fp/hard\libc_nano.a(libc_a-__atexit.o)
                                                  C:/DevToolBox_Slot/GNU_CompilerCollection/bin/../lib/gcc/arm-none-eabi/13.3.0/../../../../arm-none-eabi/lib/thumb/v7e-m+fp/hard\libc_nano.a(libc_a-findfp.o)
__retarget_lock_close                             C:/DevToolBox_Slot/GNU_CompilerCollection/bin/../lib/gcc/arm-none-eabi/13.3.0/../../../../arm-none-eabi/lib/thumb/v7e-m+fp/hard\libc_nano.a(libc_a-lock.o)
__retarget_lock_close_recursive                   C:/DevToolBox_Slot/GNU_CompilerCollection/bin/../lib/gcc/arm-none-eabi/13.3.0/../../../../arm-none-eabi/lib/thumb/v7e-m+fp/hard\libc_nano.a(libc_a-lock.o)
__retarget_lock_init                              C:/DevToolBox_Slot/GNU_CompilerCollection/bin/../lib/gcc/arm-none-eabi/13.3.0/../../../../arm-none-eabi/lib/thumb/v7e-m+fp/hard\libc_nano.a(libc_a-lock.o)
__retarget_lock_init_recursive                    C:/DevToolBox_Slot/GNU_CompilerCollection/bin/../lib/gcc/arm-none-eabi/13.3.0/../../../../arm-none-eabi/lib/thumb/v7e-m+fp/hard\libc_nano.a(libc_a-lock.o)
                                                  C:/DevToolBox_Slot/GNU_CompilerCollection/bin/../lib/gcc/arm-none-eabi/13.3.0/../../../../arm-none-eabi/lib/thumb/v7e-m+fp/hard\libc_nano.a(libc_a-findfp.o)
__retarget_lock_release                           C:/DevToolBox_Slot/GNU_CompilerCollection/bin/../lib/gcc/arm-none-eabi/13.3.0/../../../../arm-none-eabi/lib/thumb/v7e-m+fp/hard\libc_nano.a(libc_a-lock.o)
__retarget_lock_release_recursive                 C:/DevToolBox_Slot/GNU_CompilerCollection/bin/../lib/gcc/arm-none-eabi/13.3.0/../../../../arm-none-eabi/lib/thumb/v7e-m+fp/hard\libc_nano.a(libc_a-lock.o)
                                                  C:/DevToolBox_Slot/GNU_CompilerCollection/bin/../lib/gcc/arm-none-eabi/13.3.0/../../../../arm-none-eabi/lib/thumb/v7e-m+fp/hard\libc_nano.a(libc_a-fflush.o)
                                                  C:/DevToolBox_Slot/GNU_CompilerCollection/bin/../lib/gcc/arm-none-eabi/13.3.0/../../../../arm-none-eabi/lib/thumb/v7e-m+fp/hard\libc_nano.a(libc_a-mlock.o)
                                                  C:/DevToolBox_Slot/GNU_CompilerCollection/bin/../lib/gcc/arm-none-eabi/13.3.0/../../../../arm-none-eabi/lib/thumb/v7e-m+fp/hard\libc_nano.a(libc_a-__call_atexit.o)
                                                  C:/DevToolBox_Slot/GNU_CompilerCollection/bin/../lib/gcc/arm-none-eabi/13.3.0/../../../../arm-none-eabi/lib/thumb/v7e-m+fp/hard\libc_nano.a(libc_a-__atexit.o)
                                                  C:/DevToolBox_Slot/GNU_CompilerCollection/bin/../lib/gcc/arm-none-eabi/13.3.0/../../../../arm-none-eabi/lib/thumb/v7e-m+fp/hard\libc_nano.a(libc_a-findfp.o)
__retarget_lock_try_acquire                       C:/DevToolBox_Slot/GNU_CompilerCollection/bin/../lib/gcc/arm-none-eabi/13.3.0/../../../../arm-none-eabi/lib/thumb/v7e-m+fp/hard\libc_nano.a(libc_a-lock.o)
__retarget_lock_try_acquire_recursive             C:/DevToolBox_Slot/GNU_CompilerCollection/bin/../lib/gcc/arm-none-eabi/13.3.0/../../../../arm-none-eabi/lib/thumb/v7e-m+fp/hard\libc_nano.a(libc_a-lock.o)
__sclose                                          C:/DevToolBox_Slot/GNU_CompilerCollection/bin/../lib/gcc/arm-none-eabi/13.3.0/../../../../arm-none-eabi/lib/thumb/v7e-m+fp/hard\libc_nano.a(libc_a-stdio.o)
                                                  C:/DevToolBox_Slot/GNU_CompilerCollection/bin/../lib/gcc/arm-none-eabi/13.3.0/../../../../arm-none-eabi/lib/thumb/v7e-m+fp/hard\libc_nano.a(libc_a-findfp.o)
__seofread                                        C:/DevToolBox_Slot/GNU_CompilerCollection/bin/../lib/gcc/arm-none-eabi/13.3.0/../../../../arm-none-eabi/lib/thumb/v7e-m+fp/hard\libc_nano.a(libc_a-stdio.o)
__sf                                              C:/DevToolBox_Slot/GNU_CompilerCollection/bin/../lib/gcc/arm-none-eabi/13.3.0/../../../../arm-none-eabi/lib/thumb/v7e-m+fp/hard\libc_nano.a(libc_a-findfp.o)
                                                  C:/DevToolBox_Slot/GNU_CompilerCollection/bin/../lib/gcc/arm-none-eabi/13.3.0/../../../../arm-none-eabi/lib/thumb/v7e-m+fp/hard\libc_nano.a(libc_a-impure.o)
__sflush_r                                        C:/DevToolBox_Slot/GNU_CompilerCollection/bin/../lib/gcc/arm-none-eabi/13.3.0/../../../../arm-none-eabi/lib/thumb/v7e-m+fp/hard\libc_nano.a(libc_a-fflush.o)
__sfp                                             C:/DevToolBox_Slot/GNU_CompilerCollection/bin/../lib/gcc/arm-none-eabi/13.3.0/../../../../arm-none-eabi/lib/thumb/v7e-m+fp/hard\libc_nano.a(libc_a-findfp.o)
__sfp_lock_acquire                                C:/DevToolBox_Slot/GNU_CompilerCollection/bin/../lib/gcc/arm-none-eabi/13.3.0/../../../../arm-none-eabi/lib/thumb/v7e-m+fp/hard\libc_nano.a(libc_a-findfp.o)
__sfp_lock_release                                C:/DevToolBox_Slot/GNU_CompilerCollection/bin/../lib/gcc/arm-none-eabi/13.3.0/../../../../arm-none-eabi/lib/thumb/v7e-m+fp/hard\libc_nano.a(libc_a-findfp.o)
__sglue                                           C:/DevToolBox_Slot/GNU_CompilerCollection/bin/../lib/gcc/arm-none-eabi/13.3.0/../../../../arm-none-eabi/lib/thumb/v7e-m+fp/hard\libc_nano.a(libc_a-findfp.o)
                                                  C:/DevToolBox_Slot/GNU_CompilerCollection/bin/../lib/gcc/arm-none-eabi/13.3.0/../../../../arm-none-eabi/lib/thumb/v7e-m+fp/hard\libc_nano.a(libc_a-fflush.o)
__sinit                                           C:/DevToolBox_Slot/GNU_CompilerCollection/bin/../lib/gcc/arm-none-eabi/13.3.0/../../../../arm-none-eabi/lib/thumb/v7e-m+fp/hard\libc_nano.a(libc_a-findfp.o)
                                                  C:/DevToolBox_Slot/GNU_CompilerCollection/bin/../lib/gcc/arm-none-eabi/13.3.0/../../../../arm-none-eabi/lib/thumb/v7e-m+fp/hard\libc_nano.a(libc_a-fflush.o)
__sread                                           C:/DevToolBox_Slot/GNU_CompilerCollection/bin/../lib/gcc/arm-none-eabi/13.3.0/../../../../arm-none-eabi/lib/thumb/v7e-m+fp/hard\libc_nano.a(libc_a-stdio.o)
                                                  C:/DevToolBox_Slot/GNU_CompilerCollection/bin/../lib/gcc/arm-none-eabi/13.3.0/../../../../arm-none-eabi/lib/thumb/v7e-m+fp/hard\libc_nano.a(libc_a-findfp.o)
__sseek                                           C:/DevToolBox_Slot/GNU_CompilerCollection/bin/../lib/gcc/arm-none-eabi/13.3.0/../../../../arm-none-eabi/lib/thumb/v7e-m+fp/hard\libc_nano.a(libc_a-stdio.o)
                                                  C:/DevToolBox_Slot/GNU_CompilerCollection/bin/../lib/gcc/arm-none-eabi/13.3.0/../../../../arm-none-eabi/lib/thumb/v7e-m+fp/hard\libc_nano.a(libc_a-findfp.o)
__stack                                           C:/DevToolBox_Slot/GNU_CompilerCollection/bin/../lib/gcc/arm-none-eabi/13.3.0/../../../../arm-none-eabi/lib/thumb/v7e-m+fp/hard/crt0.o
__stdio_exit_handler                              C:/DevToolBox_Slot/GNU_CompilerCollection/bin/../lib/gcc/arm-none-eabi/13.3.0/../../../../arm-none-eabi/lib/thumb/v7e-m+fp/hard\libc_nano.a(libc_a-findfp.o)
                                                  C:/DevToolBox_Slot/GNU_CompilerCollection/bin/../lib/gcc/arm-none-eabi/13.3.0/../../../../arm-none-eabi/lib/thumb/v7e-m+fp/hard\libc_nano.a(libc_a-exit.o)
__swrite                                          C:/DevToolBox_Slot/GNU_CompilerCollection/bin/../lib/gcc/arm-none-eabi/13.3.0/../../../../arm-none-eabi/lib/thumb/v7e-m+fp/hard\libc_nano.a(libc_a-stdio.o)
                                                  C:/DevToolBox_Slot/GNU_CompilerCollection/bin/../lib/gcc/arm-none-eabi/13.3.0/../../../../arm-none-eabi/lib/thumb/v7e-m+fp/hard\libc_nano.a(libc_a-findfp.o)
__udivmoddi4                                      C:/DevToolBox_Slot/GNU_CompilerCollection/bin/../lib/gcc/arm-none-eabi/13.3.0/thumb/v7e-m+fp/hard\libgcc.a(_udivmoddi4.o)
                                                  C:/DevToolBox_Slot/GNU_CompilerCollection/bin/../lib/gcc/arm-none-eabi/13.3.0/thumb/v7e-m+fp/hard\libgcc.a(_aeabi_uldivmod.o)
_close                                            build/syscalls.o
                                                  C:/DevToolBox_Slot/GNU_CompilerCollection/bin/../lib/gcc/arm-none-eabi/13.3.0/../../../../arm-none-eabi/lib/thumb/v7e-m+fp/hard\libc_nano.a(libc_a-closer.o)
_close_r                                          C:/DevToolBox_Slot/GNU_CompilerCollection/bin/../lib/gcc/arm-none-eabi/13.3.0/../../../../arm-none-eabi/lib/thumb/v7e-m+fp/hard\libc_nano.a(libc_a-closer.o)
                                                  C:/DevToolBox_Slot/GNU_CompilerCollection/bin/../lib/gcc/arm-none-eabi/13.3.0/../../../../arm-none-eabi/lib/thumb/v7e-m+fp/hard\libc_nano.a(libc_a-stdio.o)
_ebss                                             build/startup_stm32f407xx.o
_edata                                            build/startup_stm32f407xx.o
_end                                              build/sysmem.o
_estack                                           build/startup_stm32f407xx.o
                                                  build/sysmem.o
_execve                                           build/syscalls.o
_exit                                             build/syscalls.o
                                                  C:/DevToolBox_Slot/GNU_CompilerCollection/bin/../lib/gcc/arm-none-eabi/13.3.0/../../../../arm-none-eabi/lib/thumb/v7e-m+fp/hard\libc_nano.a(libc_a-exit.o)
_fflush_r                                         C:/DevToolBox_Slot/GNU_CompilerCollection/bin/../lib/gcc/arm-none-eabi/13.3.0/../../../../arm-none-eabi/lib/thumb/v7e-m+fp/hard\libc_nano.a(libc_a-fflush.o)
                                                  C:/DevToolBox_Slot/GNU_CompilerCollection/bin/../lib/gcc/arm-none-eabi/13.3.0/../../../../arm-none-eabi/lib/thumb/v7e-m+fp/hard\libc_nano.a(libc_a-findfp.o)
_fini                                             C:/DevToolBox_Slot/GNU_CompilerCollection/bin/../lib/gcc/arm-none-eabi/13.3.0/thumb/v7e-m+fp/hard/crti.o
                                                  C:/DevToolBox_Slot/GNU_CompilerCollection/bin/../lib/gcc/arm-none-eabi/13.3.0/../../../../arm-none-eabi/lib/thumb/v7e-m+fp/hard\libc_nano.a(libc_a-fini.o)
_fork                                             build/syscalls.o
_free_r                                           C:/DevToolBox_Slot/GNU_CompilerCollection/bin/../lib/gcc/arm-none-eabi/13.3.0/../../../../arm-none-eabi/lib/thumb/v7e-m+fp/hard\libc_nano.a(libc_a-freer.o)
                                                  C:/DevToolBox_Slot/GNU_CompilerCollection/bin/../lib/gcc/arm-none-eabi/13.3.0/../../../../arm-none-eabi/lib/thumb/v7e-m+fp/hard\libc_nano.a(libc_a-fflush.o)
                                                  C:/DevToolBox_Slot/GNU_CompilerCollection/bin/../lib/gcc/arm-none-eabi/13.3.0/../../../../arm-none-eabi/lib/thumb/v7e-m+fp/hard\libc_nano.a(libc_a-reent.o)
_fstat                                            build/syscalls.o
_fwalk_sglue                                      C:/DevToolBox_Slot/GNU_CompilerCollection/bin/../lib/gcc/arm-none-eabi/13.3.0/../../../../arm-none-eabi/lib/thumb/v7e-m+fp/hard\libc_nano.a(libc_a-fwalk.o)
                                                  C:/DevToolBox_Slot/GNU_CompilerCollection/bin/../lib/gcc/arm-none-eabi/13.3.0/../../../../arm-none-eabi/lib/thumb/v7e-m+fp/hard\libc_nano.a(libc_a-fflush.o)
                                                  C:/DevToolBox_Slot/GNU_CompilerCollection/bin/../lib/gcc/arm-none-eabi/13.3.0/../../../../arm-none-eabi/lib/thumb/v7e-m+fp/hard\libc_nano.a(libc_a-findfp.o)
_getpid                                           build/syscalls.o
_impure_data                                      C:/DevToolBox_Slot/GNU_CompilerCollection/bin/../lib/gcc/arm-none-eabi/13.3.0/../../../../arm-none-eabi/lib/thumb/v7e-m+fp/hard\libc_nano.a(libc_a-impure.o)
                                                  C:/DevToolBox_Slot/GNU_CompilerCollection/bin/../lib/gcc/arm-none-eabi/13.3.0/../../../../arm-none-eabi/lib/thumb/v7e-m+fp/hard\libc_nano.a(libc_a-fflush.o)
                                                  C:/DevToolBox_Slot/GNU_CompilerCollection/bin/../lib/gcc/arm-none-eabi/13.3.0/../../../../arm-none-eabi/lib/thumb/v7e-m+fp/hard\libc_nano.a(libc_a-findfp.o)
_impure_ptr                                       C:/DevToolBox_Slot/GNU_CompilerCollection/bin/../lib/gcc/arm-none-eabi/13.3.0/../../../../arm-none-eabi/lib/thumb/v7e-m+fp/hard\libc_nano.a(libc_a-impure.o)
                                                  C:/DevToolBox_Slot/GNU_CompilerCollection/bin/../lib/gcc/arm-none-eabi/13.3.0/../../../../arm-none-eabi/lib/thumb/v7e-m+fp/hard\libc_nano.a(libc_a-fflush.o)
                                                  C:/DevToolBox_Slot/GNU_CompilerCollection/bin/../lib/gcc/arm-none-eabi/13.3.0/../../../../arm-none-eabi/lib/thumb/v7e-m+fp/hard\libc_nano.a(libc_a-errno.o)
                                                  C:/DevToolBox_Slot/GNU_CompilerCollection/bin/../lib/gcc/arm-none-eabi/13.3.0/../../../../arm-none-eabi/lib/thumb/v7e-m+fp/hard\libc_nano.a(libc_a-reent.o)
_init                                             C:/DevToolBox_Slot/GNU_CompilerCollection/bin/../lib/gcc/arm-none-eabi/13.3.0/thumb/v7e-m+fp/hard/crti.o
                                                  C:/DevToolBox_Slot/GNU_CompilerCollection/bin/../lib/gcc/arm-none-eabi/13.3.0/../../../../arm-none-eabi/lib/thumb/v7e-m+fp/hard\libc_nano.a(libc_a-init.o)
_isatty                                           build/syscalls.o
_kill                                             build/syscalls.o
_link                                             build/syscalls.o
_lseek                                            build/syscalls.o
                                                  C:/DevToolBox_Slot/GNU_CompilerCollection/bin/../lib/gcc/arm-none-eabi/13.3.0/../../../../arm-none-eabi/lib/thumb/v7e-m+fp/hard\libc_nano.a(libc_a-lseekr.o)
_lseek_r                                          C:/DevToolBox_Slot/GNU_CompilerCollection/bin/../lib/gcc/arm-none-eabi/13.3.0/../../../../arm-none-eabi/lib/thumb/v7e-m+fp/hard\libc_nano.a(libc_a-lseekr.o)
                                                  C:/DevToolBox_Slot/GNU_CompilerCollection/bin/../lib/gcc/arm-none-eabi/13.3.0/../../../../arm-none-eabi/lib/thumb/v7e-m+fp/hard\libc_nano.a(libc_a-stdio.o)
_mainCRTStartup                                   C:/DevToolBox_Slot/GNU_CompilerCollection/bin/../lib/gcc/arm-none-eabi/13.3.0/../../../../arm-none-eabi/lib/thumb/v7e-m+fp/hard/crt0.o
_malloc_r                                         C:/DevToolBox_Slot/GNU_CompilerCollection/bin/../lib/gcc/arm-none-eabi/13.3.0/../../../../arm-none-eabi/lib/thumb/v7e-m+fp/hard\libc_nano.a(libc_a-mallocr.o)
                                                  C:/DevToolBox_Slot/GNU_CompilerCollection/bin/../lib/gcc/arm-none-eabi/13.3.0/../../../../arm-none-eabi/lib/thumb/v7e-m+fp/hard\libc_nano.a(libc_a-findfp.o)
_open                                             build/syscalls.o
_read                                             build/syscalls.o
                                                  C:/DevToolBox_Slot/GNU_CompilerCollection/bin/../lib/gcc/arm-none-eabi/13.3.0/../../../../arm-none-eabi/lib/thumb/v7e-m+fp/hard\libc_nano.a(libc_a-readr.o)
_read_r                                           C:/DevToolBox_Slot/GNU_CompilerCollection/bin/../lib/gcc/arm-none-eabi/13.3.0/../../../../arm-none-eabi/lib/thumb/v7e-m+fp/hard\libc_nano.a(libc_a-readr.o)
                                                  C:/DevToolBox_Slot/GNU_CompilerCollection/bin/../lib/gcc/arm-none-eabi/13.3.0/../../../../arm-none-eabi/lib/thumb/v7e-m+fp/hard\libc_nano.a(libc_a-stdio.o)
_reclaim_reent                                    C:/DevToolBox_Slot/GNU_CompilerCollection/bin/../lib/gcc/arm-none-eabi/13.3.0/../../../../arm-none-eabi/lib/thumb/v7e-m+fp/hard\libc_nano.a(libc_a-reent.o)
_sbrk                                             build/sysmem.o