ARM GAS  C:\Users\81506\AppData\Local\Temp\cceGzi2G.s 			page 1


   1              		.cpu cortex-m4
   2              		.arch armv7e-m
   3              		.fpu fpv4-sp-d16
   4              		.eabi_attribute 27, 1
   5              		.eabi_attribute 28, 1
   6              		.eabi_attribute 20, 1
   7              		.eabi_attribute 21, 1
   8              		.eabi_attribute 23, 3
   9              		.eabi_attribute 24, 1
  10              		.eabi_attribute 25, 1
  11              		.eabi_attribute 26, 1
  12              		.eabi_attribute 30, 1
  13              		.eabi_attribute 34, 1
  14              		.eabi_attribute 18, 4
  15              		.file	"usart.c"
  16              		.text
  17              	.Ltext0:
  18              		.cfi_sections	.debug_frame
  19              		.file 1 "Core/Src/usart.c"
  20              		.section	.text.MX_USART1_UART_Init,"ax",%progbits
  21              		.align	1
  22              		.global	MX_USART1_UART_Init
  23              		.syntax unified
  24              		.thumb
  25              		.thumb_func
  27              	MX_USART1_UART_Init:
  28              	.LFB134:
   1:Core/Src/usart.c **** /* USER CODE BEGIN Header */
   2:Core/Src/usart.c **** /**
   3:Core/Src/usart.c ****   ******************************************************************************
   4:Core/Src/usart.c ****   * @file    usart.c
   5:Core/Src/usart.c ****   * @brief   This file provides code for the configuration
   6:Core/Src/usart.c ****   *          of the USART instances.
   7:Core/Src/usart.c ****   ******************************************************************************
   8:Core/Src/usart.c ****   * @attention
   9:Core/Src/usart.c ****   *
  10:Core/Src/usart.c ****   * Copyright (c) 2025 STMicroelectronics.
  11:Core/Src/usart.c ****   * All rights reserved.
  12:Core/Src/usart.c ****   *
  13:Core/Src/usart.c ****   * This software is licensed under terms that can be found in the LICENSE file
  14:Core/Src/usart.c ****   * in the root directory of this software component.
  15:Core/Src/usart.c ****   * If no LICENSE file comes with this software, it is provided AS-IS.
  16:Core/Src/usart.c ****   *
  17:Core/Src/usart.c ****   ******************************************************************************
  18:Core/Src/usart.c ****   */
  19:Core/Src/usart.c **** /* USER CODE END Header */
  20:Core/Src/usart.c **** /* Includes ------------------------------------------------------------------*/
  21:Core/Src/usart.c **** #include "usart.h"
  22:Core/Src/usart.c **** 
  23:Core/Src/usart.c **** /* USER CODE BEGIN 0 */
  24:Core/Src/usart.c **** uint8_t rx_buffer[3] = {0};
  25:Core/Src/usart.c **** /* USER CODE END 0 */
  26:Core/Src/usart.c **** 
  27:Core/Src/usart.c **** UART_HandleTypeDef huart1;
  28:Core/Src/usart.c **** 
  29:Core/Src/usart.c **** /* USART1 init function */
  30:Core/Src/usart.c **** 
ARM GAS  C:\Users\81506\AppData\Local\Temp\cceGzi2G.s 			page 2


  31:Core/Src/usart.c **** void MX_USART1_UART_Init(void)
  32:Core/Src/usart.c **** {
  29              		.loc 1 32 1 view -0
  30              		.cfi_startproc
  31              		@ args = 0, pretend = 0, frame = 0
  32              		@ frame_needed = 0, uses_anonymous_args = 0
  33 0000 08B5     		push	{r3, lr}
  34              	.LCFI0:
  35              		.cfi_def_cfa_offset 8
  36              		.cfi_offset 3, -8
  37              		.cfi_offset 14, -4
  33:Core/Src/usart.c **** 
  34:Core/Src/usart.c ****   /* USER CODE BEGIN USART1_Init 0 */
  35:Core/Src/usart.c **** 
  36:Core/Src/usart.c ****   /* USER CODE END USART1_Init 0 */
  37:Core/Src/usart.c **** 
  38:Core/Src/usart.c ****   /* USER CODE BEGIN USART1_Init 1 */
  39:Core/Src/usart.c **** 
  40:Core/Src/usart.c ****   /* USER CODE END USART1_Init 1 */
  41:Core/Src/usart.c ****   huart1.Instance = USART1;
  38              		.loc 1 41 3 view .LVU1
  39              		.loc 1 41 19 is_stmt 0 view .LVU2
  40 0002 0D48     		ldr	r0, .L5
  41 0004 0D4B     		ldr	r3, .L5+4
  42 0006 0360     		str	r3, [r0]
  42:Core/Src/usart.c ****   huart1.Init.BaudRate = 115200;
  43              		.loc 1 42 3 is_stmt 1 view .LVU3
  44              		.loc 1 42 24 is_stmt 0 view .LVU4
  45 0008 4FF4E133 		mov	r3, #115200
  46 000c 4360     		str	r3, [r0, #4]
  43:Core/Src/usart.c ****   huart1.Init.WordLength = UART_WORDLENGTH_8B;
  47              		.loc 1 43 3 is_stmt 1 view .LVU5
  48              		.loc 1 43 26 is_stmt 0 view .LVU6
  49 000e 0023     		movs	r3, #0
  50 0010 8360     		str	r3, [r0, #8]
  44:Core/Src/usart.c ****   huart1.Init.StopBits = UART_STOPBITS_1;
  51              		.loc 1 44 3 is_stmt 1 view .LVU7
  52              		.loc 1 44 24 is_stmt 0 view .LVU8
  53 0012 C360     		str	r3, [r0, #12]
  45:Core/Src/usart.c ****   huart1.Init.Parity = UART_PARITY_NONE;
  54              		.loc 1 45 3 is_stmt 1 view .LVU9
  55              		.loc 1 45 22 is_stmt 0 view .LVU10
  56 0014 0361     		str	r3, [r0, #16]
  46:Core/Src/usart.c ****   huart1.Init.Mode = UART_MODE_TX_RX;
  57              		.loc 1 46 3 is_stmt 1 view .LVU11
  58              		.loc 1 46 20 is_stmt 0 view .LVU12
  59 0016 0C22     		movs	r2, #12
  60 0018 4261     		str	r2, [r0, #20]
  47:Core/Src/usart.c ****   huart1.Init.HwFlowCtl = UART_HWCONTROL_NONE;
  61              		.loc 1 47 3 is_stmt 1 view .LVU13
  62              		.loc 1 47 25 is_stmt 0 view .LVU14
  63 001a 8361     		str	r3, [r0, #24]
  48:Core/Src/usart.c ****   huart1.Init.OverSampling = UART_OVERSAMPLING_16;
  64              		.loc 1 48 3 is_stmt 1 view .LVU15
  65              		.loc 1 48 28 is_stmt 0 view .LVU16
  66 001c C361     		str	r3, [r0, #28]
  49:Core/Src/usart.c ****   if (HAL_UART_Init(&huart1) != HAL_OK)
ARM GAS  C:\Users\81506\AppData\Local\Temp\cceGzi2G.s 			page 3


  67              		.loc 1 49 3 is_stmt 1 view .LVU17
  68              		.loc 1 49 7 is_stmt 0 view .LVU18
  69 001e FFF7FEFF 		bl	HAL_UART_Init
  70              	.LVL0:
  71              		.loc 1 49 6 discriminator 1 view .LVU19
  72 0022 28B9     		cbnz	r0, .L4
  73              	.L2:
  50:Core/Src/usart.c ****   {
  51:Core/Src/usart.c ****     Error_Handler();
  52:Core/Src/usart.c ****   }
  53:Core/Src/usart.c ****   /* USER CODE BEGIN USART1_Init 2 */
  54:Core/Src/usart.c ****   HAL_UART_Receive_IT(&huart1, rx_buffer, 1);
  74              		.loc 1 54 3 is_stmt 1 view .LVU20
  75 0024 0122     		movs	r2, #1
  76 0026 0649     		ldr	r1, .L5+8
  77 0028 0348     		ldr	r0, .L5
  78 002a FFF7FEFF 		bl	HAL_UART_Receive_IT
  79              	.LVL1:
  55:Core/Src/usart.c ****   /* USER CODE END USART1_Init 2 */
  56:Core/Src/usart.c **** 
  57:Core/Src/usart.c **** }
  80              		.loc 1 57 1 is_stmt 0 view .LVU21
  81 002e 08BD     		pop	{r3, pc}
  82              	.L4:
  51:Core/Src/usart.c ****   }
  83              		.loc 1 51 5 is_stmt 1 view .LVU22
  84 0030 FFF7FEFF 		bl	Error_Handler
  85              	.LVL2:
  86 0034 F6E7     		b	.L2
  87              	.L6:
  88 0036 00BF     		.align	2
  89              	.L5:
  90 0038 00000000 		.word	huart1
  91 003c 00100140 		.word	1073811456
  92 0040 00000000 		.word	rx_buffer
  93              		.cfi_endproc
  94              	.LFE134:
  96              		.section	.text.HAL_UART_MspInit,"ax",%progbits
  97              		.align	1
  98              		.global	HAL_UART_MspInit
  99              		.syntax unified
 100              		.thumb
 101              		.thumb_func
 103              	HAL_UART_MspInit:
 104              	.LVL3:
 105              	.LFB135:
  58:Core/Src/usart.c **** 
  59:Core/Src/usart.c **** void HAL_UART_MspInit(UART_HandleTypeDef* uartHandle)
  60:Core/Src/usart.c **** {
 106              		.loc 1 60 1 view -0
 107              		.cfi_startproc
 108              		@ args = 0, pretend = 0, frame = 32
 109              		@ frame_needed = 0, uses_anonymous_args = 0
 110              		.loc 1 60 1 is_stmt 0 view .LVU24
 111 0000 10B5     		push	{r4, lr}
 112              	.LCFI1:
 113              		.cfi_def_cfa_offset 8
ARM GAS  C:\Users\81506\AppData\Local\Temp\cceGzi2G.s 			page 4


 114              		.cfi_offset 4, -8
 115              		.cfi_offset 14, -4
 116 0002 88B0     		sub	sp, sp, #32
 117              	.LCFI2:
 118              		.cfi_def_cfa_offset 40
  61:Core/Src/usart.c **** 
  62:Core/Src/usart.c ****   GPIO_InitTypeDef GPIO_InitStruct = {0};
 119              		.loc 1 62 3 is_stmt 1 view .LVU25
 120              		.loc 1 62 20 is_stmt 0 view .LVU26
 121 0004 0023     		movs	r3, #0
 122 0006 0393     		str	r3, [sp, #12]
 123 0008 0493     		str	r3, [sp, #16]
 124 000a 0593     		str	r3, [sp, #20]
 125 000c 0693     		str	r3, [sp, #24]
 126 000e 0793     		str	r3, [sp, #28]
  63:Core/Src/usart.c ****   if(uartHandle->Instance==USART1)
 127              		.loc 1 63 3 is_stmt 1 view .LVU27
 128              		.loc 1 63 16 is_stmt 0 view .LVU28
 129 0010 0268     		ldr	r2, [r0]
 130              		.loc 1 63 5 view .LVU29
 131 0012 03F18043 		add	r3, r3, #1073741824
 132 0016 03F58833 		add	r3, r3, #69632
 133 001a 9A42     		cmp	r2, r3
 134 001c 01D0     		beq	.L10
 135              	.LVL4:
 136              	.L7:
  64:Core/Src/usart.c ****   {
  65:Core/Src/usart.c ****   /* USER CODE BEGIN USART1_MspInit 0 */
  66:Core/Src/usart.c **** 
  67:Core/Src/usart.c ****   /* USER CODE END USART1_MspInit 0 */
  68:Core/Src/usart.c ****     /* USART1 clock enable */
  69:Core/Src/usart.c ****     __HAL_RCC_USART1_CLK_ENABLE();
  70:Core/Src/usart.c **** 
  71:Core/Src/usart.c ****     __HAL_RCC_GPIOA_CLK_ENABLE();
  72:Core/Src/usart.c ****     /**USART1 GPIO Configuration
  73:Core/Src/usart.c ****     PA9     ------> USART1_TX
  74:Core/Src/usart.c ****     PA10     ------> USART1_RX
  75:Core/Src/usart.c ****     */
  76:Core/Src/usart.c ****     GPIO_InitStruct.Pin = GPIO_PIN_9|GPIO_PIN_10;
  77:Core/Src/usart.c ****     GPIO_InitStruct.Mode = GPIO_MODE_AF_PP;
  78:Core/Src/usart.c ****     GPIO_InitStruct.Pull = GPIO_NOPULL;
  79:Core/Src/usart.c ****     GPIO_InitStruct.Speed = GPIO_SPEED_FREQ_VERY_HIGH;
  80:Core/Src/usart.c ****     GPIO_InitStruct.Alternate = GPIO_AF7_USART1;
  81:Core/Src/usart.c ****     HAL_GPIO_Init(GPIOA, &GPIO_InitStruct);
  82:Core/Src/usart.c **** 
  83:Core/Src/usart.c ****     /* USART1 interrupt Init */
  84:Core/Src/usart.c ****     HAL_NVIC_SetPriority(USART1_IRQn, 1, 0);
  85:Core/Src/usart.c ****     HAL_NVIC_EnableIRQ(USART1_IRQn);
  86:Core/Src/usart.c ****   /* USER CODE BEGIN USART1_MspInit 1 */
  87:Core/Src/usart.c **** 
  88:Core/Src/usart.c ****   /* USER CODE END USART1_MspInit 1 */
  89:Core/Src/usart.c ****   }
  90:Core/Src/usart.c **** }
 137              		.loc 1 90 1 view .LVU30
 138 001e 08B0     		add	sp, sp, #32
 139              	.LCFI3:
 140              		.cfi_remember_state
ARM GAS  C:\Users\81506\AppData\Local\Temp\cceGzi2G.s 			page 5


 141              		.cfi_def_cfa_offset 8
 142              		@ sp needed
 143 0020 10BD     		pop	{r4, pc}
 144              	.LVL5:
 145              	.L10:
 146              	.LCFI4:
 147              		.cfi_restore_state
  69:Core/Src/usart.c **** 
 148              		.loc 1 69 5 is_stmt 1 view .LVU31
 149              	.LBB2:
  69:Core/Src/usart.c **** 
 150              		.loc 1 69 5 view .LVU32
 151 0022 0024     		movs	r4, #0
 152 0024 0194     		str	r4, [sp, #4]
  69:Core/Src/usart.c **** 
 153              		.loc 1 69 5 view .LVU33
 154 0026 03F59433 		add	r3, r3, #75776
 155 002a 5A6C     		ldr	r2, [r3, #68]
 156 002c 42F01002 		orr	r2, r2, #16
 157 0030 5A64     		str	r2, [r3, #68]
  69:Core/Src/usart.c **** 
 158              		.loc 1 69 5 view .LVU34
 159 0032 5A6C     		ldr	r2, [r3, #68]
 160 0034 02F01002 		and	r2, r2, #16
 161 0038 0192     		str	r2, [sp, #4]
  69:Core/Src/usart.c **** 
 162              		.loc 1 69 5 view .LVU35
 163 003a 019A     		ldr	r2, [sp, #4]
 164              	.LBE2:
  69:Core/Src/usart.c **** 
 165              		.loc 1 69 5 view .LVU36
  71:Core/Src/usart.c ****     /**USART1 GPIO Configuration
 166              		.loc 1 71 5 view .LVU37
 167              	.LBB3:
  71:Core/Src/usart.c ****     /**USART1 GPIO Configuration
 168              		.loc 1 71 5 view .LVU38
 169 003c 0294     		str	r4, [sp, #8]
  71:Core/Src/usart.c ****     /**USART1 GPIO Configuration
 170              		.loc 1 71 5 view .LVU39
 171 003e 1A6B     		ldr	r2, [r3, #48]
 172 0040 42F00102 		orr	r2, r2, #1
 173 0044 1A63     		str	r2, [r3, #48]
  71:Core/Src/usart.c ****     /**USART1 GPIO Configuration
 174              		.loc 1 71 5 view .LVU40
 175 0046 1B6B     		ldr	r3, [r3, #48]
 176 0048 03F00103 		and	r3, r3, #1
 177 004c 0293     		str	r3, [sp, #8]
  71:Core/Src/usart.c ****     /**USART1 GPIO Configuration
 178              		.loc 1 71 5 view .LVU41
 179 004e 029B     		ldr	r3, [sp, #8]
 180              	.LBE3:
  71:Core/Src/usart.c ****     /**USART1 GPIO Configuration
 181              		.loc 1 71 5 view .LVU42
  76:Core/Src/usart.c ****     GPIO_InitStruct.Mode = GPIO_MODE_AF_PP;
 182              		.loc 1 76 5 view .LVU43
  76:Core/Src/usart.c ****     GPIO_InitStruct.Mode = GPIO_MODE_AF_PP;
 183              		.loc 1 76 25 is_stmt 0 view .LVU44
ARM GAS  C:\Users\81506\AppData\Local\Temp\cceGzi2G.s 			page 6


 184 0050 4FF4C063 		mov	r3, #1536
 185 0054 0393     		str	r3, [sp, #12]
  77:Core/Src/usart.c ****     GPIO_InitStruct.Pull = GPIO_NOPULL;
 186              		.loc 1 77 5 is_stmt 1 view .LVU45
  77:Core/Src/usart.c ****     GPIO_InitStruct.Pull = GPIO_NOPULL;
 187              		.loc 1 77 26 is_stmt 0 view .LVU46
 188 0056 0223     		movs	r3, #2
 189 0058 0493     		str	r3, [sp, #16]
  78:Core/Src/usart.c ****     GPIO_InitStruct.Speed = GPIO_SPEED_FREQ_VERY_HIGH;
 190              		.loc 1 78 5 is_stmt 1 view .LVU47
  79:Core/Src/usart.c ****     GPIO_InitStruct.Alternate = GPIO_AF7_USART1;
 191              		.loc 1 79 5 view .LVU48
  79:Core/Src/usart.c ****     GPIO_InitStruct.Alternate = GPIO_AF7_USART1;
 192              		.loc 1 79 27 is_stmt 0 view .LVU49
 193 005a 0323     		movs	r3, #3
 194 005c 0693     		str	r3, [sp, #24]
  80:Core/Src/usart.c ****     HAL_GPIO_Init(GPIOA, &GPIO_InitStruct);
 195              		.loc 1 80 5 is_stmt 1 view .LVU50
  80:Core/Src/usart.c ****     HAL_GPIO_Init(GPIOA, &GPIO_InitStruct);
 196              		.loc 1 80 31 is_stmt 0 view .LVU51
 197 005e 0723     		movs	r3, #7
 198 0060 0793     		str	r3, [sp, #28]
  81:Core/Src/usart.c **** 
 199              		.loc 1 81 5 is_stmt 1 view .LVU52
 200 0062 03A9     		add	r1, sp, #12
 201 0064 0548     		ldr	r0, .L11
 202              	.LVL6:
  81:Core/Src/usart.c **** 
 203              		.loc 1 81 5 is_stmt 0 view .LVU53
 204 0066 FFF7FEFF 		bl	HAL_GPIO_Init
 205              	.LVL7:
  84:Core/Src/usart.c ****     HAL_NVIC_EnableIRQ(USART1_IRQn);
 206              		.loc 1 84 5 is_stmt 1 view .LVU54
 207 006a 2246     		mov	r2, r4
 208 006c 0121     		movs	r1, #1
 209 006e 2520     		movs	r0, #37
 210 0070 FFF7FEFF 		bl	HAL_NVIC_SetPriority
 211              	.LVL8:
  85:Core/Src/usart.c ****   /* USER CODE BEGIN USART1_MspInit 1 */
 212              		.loc 1 85 5 view .LVU55
 213 0074 2520     		movs	r0, #37
 214 0076 FFF7FEFF 		bl	HAL_NVIC_EnableIRQ
 215              	.LVL9:
 216              		.loc 1 90 1 is_stmt 0 view .LVU56
 217 007a D0E7     		b	.L7
 218              	.L12:
 219              		.align	2
 220              	.L11:
 221 007c 00000240 		.word	1073872896
 222              		.cfi_endproc
 223              	.LFE135:
 225              		.section	.text.HAL_UART_MspDeInit,"ax",%progbits
 226              		.align	1
 227              		.global	HAL_UART_MspDeInit
 228              		.syntax unified
 229              		.thumb
 230              		.thumb_func
ARM GAS  C:\Users\81506\AppData\Local\Temp\cceGzi2G.s 			page 7


 232              	HAL_UART_MspDeInit:
 233              	.LVL10:
 234              	.LFB136:
  91:Core/Src/usart.c **** 
  92:Core/Src/usart.c **** void HAL_UART_MspDeInit(UART_HandleTypeDef* uartHandle)
  93:Core/Src/usart.c **** {
 235              		.loc 1 93 1 is_stmt 1 view -0
 236              		.cfi_startproc
 237              		@ args = 0, pretend = 0, frame = 0
 238              		@ frame_needed = 0, uses_anonymous_args = 0
 239              		.loc 1 93 1 is_stmt 0 view .LVU58
 240 0000 08B5     		push	{r3, lr}
 241              	.LCFI5:
 242              		.cfi_def_cfa_offset 8
 243              		.cfi_offset 3, -8
 244              		.cfi_offset 14, -4
  94:Core/Src/usart.c **** 
  95:Core/Src/usart.c ****   if(uartHandle->Instance==USART1)
 245              		.loc 1 95 3 is_stmt 1 view .LVU59
 246              		.loc 1 95 16 is_stmt 0 view .LVU60
 247 0002 0268     		ldr	r2, [r0]
 248              		.loc 1 95 5 view .LVU61
 249 0004 084B     		ldr	r3, .L17
 250 0006 9A42     		cmp	r2, r3
 251 0008 00D0     		beq	.L16
 252              	.LVL11:
 253              	.L13:
  96:Core/Src/usart.c ****   {
  97:Core/Src/usart.c ****   /* USER CODE BEGIN USART1_MspDeInit 0 */
  98:Core/Src/usart.c **** 
  99:Core/Src/usart.c ****   /* USER CODE END USART1_MspDeInit 0 */
 100:Core/Src/usart.c ****     /* Peripheral clock disable */
 101:Core/Src/usart.c ****     __HAL_RCC_USART1_CLK_DISABLE();
 102:Core/Src/usart.c **** 
 103:Core/Src/usart.c ****     /**USART1 GPIO Configuration
 104:Core/Src/usart.c ****     PA9     ------> USART1_TX
 105:Core/Src/usart.c ****     PA10     ------> USART1_RX
 106:Core/Src/usart.c ****     */
 107:Core/Src/usart.c ****     HAL_GPIO_DeInit(GPIOA, GPIO_PIN_9|GPIO_PIN_10);
 108:Core/Src/usart.c **** 
 109:Core/Src/usart.c ****     /* USART1 interrupt Deinit */
 110:Core/Src/usart.c ****     HAL_NVIC_DisableIRQ(USART1_IRQn);
 111:Core/Src/usart.c ****   /* USER CODE BEGIN USART1_MspDeInit 1 */
 112:Core/Src/usart.c **** 
 113:Core/Src/usart.c ****   /* USER CODE END USART1_MspDeInit 1 */
 114:Core/Src/usart.c ****   }
 115:Core/Src/usart.c **** }
 254              		.loc 1 115 1 view .LVU62
 255 000a 08BD     		pop	{r3, pc}
 256              	.LVL12:
 257              	.L16:
 101:Core/Src/usart.c **** 
 258              		.loc 1 101 5 is_stmt 1 view .LVU63
 259 000c 074A     		ldr	r2, .L17+4
 260 000e 536C     		ldr	r3, [r2, #68]
 261 0010 23F01003 		bic	r3, r3, #16
 262 0014 5364     		str	r3, [r2, #68]
ARM GAS  C:\Users\81506\AppData\Local\Temp\cceGzi2G.s 			page 8


 107:Core/Src/usart.c **** 
 263              		.loc 1 107 5 view .LVU64
 264 0016 4FF4C061 		mov	r1, #1536
 265 001a 0548     		ldr	r0, .L17+8
 266              	.LVL13:
 107:Core/Src/usart.c **** 
 267              		.loc 1 107 5 is_stmt 0 view .LVU65
 268 001c FFF7FEFF 		bl	HAL_GPIO_DeInit
 269              	.LVL14:
 110:Core/Src/usart.c ****   /* USER CODE BEGIN USART1_MspDeInit 1 */
 270              		.loc 1 110 5 is_stmt 1 view .LVU66
 271 0020 2520     		movs	r0, #37
 272 0022 FFF7FEFF 		bl	HAL_NVIC_DisableIRQ
 273              	.LVL15:
 274              		.loc 1 115 1 is_stmt 0 view .LVU67
 275 0026 F0E7     		b	.L13
 276              	.L18:
 277              		.align	2
 278              	.L17:
 279 0028 00100140 		.word	1073811456
 280 002c 00380240 		.word	1073887232
 281 0030 00000240 		.word	1073872896
 282              		.cfi_endproc
 283              	.LFE136:
 285              		.global	huart1
 286              		.section	.bss.huart1,"aw",%nobits
 287              		.align	2
 290              	huart1:
 291 0000 00000000 		.space	72
 291      00000000 
 291      00000000 
 291      00000000 
 291      00000000 
 292              		.global	rx_buffer
 293              		.section	.bss.rx_buffer,"aw",%nobits
 294              		.align	2
 297              	rx_buffer:
 298 0000 000000   		.space	3
 299              		.text
 300              	.Letext0:
 301              		.file 2 "Drivers/CMSIS/Device/ST/STM32F4xx/Include/stm32f407xx.h"
 302              		.file 3 "C:/DevToolBox_Slot/GNU_CompilerCollection/arm-none-eabi/include/machine/_default_types.h"
 303              		.file 4 "C:/DevToolBox_Slot/GNU_CompilerCollection/arm-none-eabi/include/sys/_stdint.h"
 304              		.file 5 "Drivers/STM32F4xx_HAL_Driver/Inc/stm32f4xx_hal_def.h"
 305              		.file 6 "Drivers/STM32F4xx_HAL_Driver/Inc/stm32f4xx_hal_gpio.h"
 306              		.file 7 "Drivers/STM32F4xx_HAL_Driver/Inc/stm32f4xx_hal_dma.h"
 307              		.file 8 "Drivers/STM32F4xx_HAL_Driver/Inc/stm32f4xx_hal_uart.h"
 308              		.file 9 "Core/Inc/usart.h"
 309              		.file 10 "Drivers/STM32F4xx_HAL_Driver/Inc/stm32f4xx_hal_cortex.h"
 310              		.file 11 "Core/Inc/main.h"
ARM GAS  C:\Users\81506\AppData\Local\Temp\cceGzi2G.s 			page 9


DEFINED SYMBOLS
                            *ABS*:00000000 usart.c
C:\Users\81506\AppData\Local\Temp\cceGzi2G.s:21     .text.MX_USART1_UART_Init:00000000 $t
C:\Users\81506\AppData\Local\Temp\cceGzi2G.s:27     .text.MX_USART1_UART_Init:00000000 MX_USART1_UART_Init
C:\Users\81506\AppData\Local\Temp\cceGzi2G.s:90     .text.MX_USART1_UART_Init:00000038 $d
C:\Users\81506\AppData\Local\Temp\cceGzi2G.s:290    .bss.huart1:00000000 huart1
C:\Users\81506\AppData\Local\Temp\cceGzi2G.s:297    .bss.rx_buffer:00000000 rx_buffer
C:\Users\81506\AppData\Local\Temp\cceGzi2G.s:97     .text.HAL_UART_MspInit:00000000 $t
C:\Users\81506\AppData\Local\Temp\cceGzi2G.s:103    .text.HAL_UART_MspInit:00000000 HAL_UART_MspInit
C:\Users\81506\AppData\Local\Temp\cceGzi2G.s:221    .text.HAL_UART_MspInit:0000007c $d
C:\Users\81506\AppData\Local\Temp\cceGzi2G.s:226    .text.HAL_UART_MspDeInit:00000000 $t
C:\Users\81506\AppData\Local\Temp\cceGzi2G.s:232    .text.HAL_UART_MspDeInit:00000000 HAL_UART_MspDeInit
C:\Users\81506\AppData\Local\Temp\cceGzi2G.s:279    .text.HAL_UART_MspDeInit:00000028 $d
C:\Users\81506\AppData\Local\Temp\cceGzi2G.s:287    .bss.huart1:00000000 $d
C:\Users\81506\AppData\Local\Temp\cceGzi2G.s:294    .bss.rx_buffer:00000000 $d

UNDEFINED SYMBOLS
HAL_UART_Init
HAL_UART_Receive_IT
Error_Handler
HAL_GPIO_Init
HAL_NVIC_SetPriority
HAL_NVIC_EnableIRQ
HAL_GPIO_DeInit
HAL_NVIC_DisableIRQ
